Archive member included to satisfy reference by file (symbol)

c:/program files/gnu tools arm embedded/5.3 2016q1/bin/../lib/gcc/arm-none-eabi/5.3.1/armv7-m\libgcc.a(_arm_addsubdf3.o)
                              ..\obj\display.o (__aeabi_dsub)
c:/program files/gnu tools arm embedded/5.3 2016q1/bin/../lib/gcc/arm-none-eabi/5.3.1/armv7-m\libgcc.a(_arm_muldivdf3.o)
                              ..\obj\display.o (__aeabi_ddiv)
c:/program files/gnu tools arm embedded/5.3 2016q1/bin/../lib/gcc/arm-none-eabi/5.3.1/armv7-m\libgcc.a(_arm_fixdfsi.o)
                              ..\obj\display.o (__aeabi_d2iz)
c:/program files/gnu tools arm embedded/5.3 2016q1/bin/../lib/gcc/arm-none-eabi/5.3.1/armv7-m\libgcc.a(_arm_addsubsf3.o)
                              ..\obj\display.o (__aeabi_i2f)
c:/program files/gnu tools arm embedded/5.3 2016q1/bin/../lib/gcc/arm-none-eabi/5.3.1/armv7-m\libgcc.a(_arm_muldivsf3.o)
                              ..\obj\display.o (__aeabi_fdiv)
c:/program files/gnu tools arm embedded/5.3 2016q1/bin/../lib/gcc/arm-none-eabi/5.3.1/armv7-m\libgcc.a(unwind-arm.o)
                              ..\obj\bmp18c.o (__aeabi_unwind_cpp_pr1)
c:/program files/gnu tools arm embedded/5.3 2016q1/bin/../lib/gcc/arm-none-eabi/5.3.1/armv7-m\libgcc.a(libunwind.o)
                              c:/program files/gnu tools arm embedded/5.3 2016q1/bin/../lib/gcc/arm-none-eabi/5.3.1/armv7-m\libgcc.a(unwind-arm.o) (restore_core_regs)
c:/program files/gnu tools arm embedded/5.3 2016q1/bin/../lib/gcc/arm-none-eabi/5.3.1/armv7-m\libgcc.a(pr-support.o)
                              c:/program files/gnu tools arm embedded/5.3 2016q1/bin/../lib/gcc/arm-none-eabi/5.3.1/armv7-m\libgcc.a(unwind-arm.o) (__gnu_unwind_execute)
c:/program files/gnu tools arm embedded/5.3 2016q1/bin/../lib/gcc/arm-none-eabi/5.3.1/../../../../arm-none-eabi/lib/armv7-m\libg.a(lib_a-abort.o)
                              c:/program files/gnu tools arm embedded/5.3 2016q1/bin/../lib/gcc/arm-none-eabi/5.3.1/armv7-m\libgcc.a(unwind-arm.o) (abort)
c:/program files/gnu tools arm embedded/5.3 2016q1/bin/../lib/gcc/arm-none-eabi/5.3.1/../../../../arm-none-eabi/lib/armv7-m\libg.a(lib_a-memcpy.o)
                              ..\obj\pack_data.o (memcpy)
c:/program files/gnu tools arm embedded/5.3 2016q1/bin/../lib/gcc/arm-none-eabi/5.3.1/../../../../arm-none-eabi/lib/armv7-m\libg.a(lib_a-signal.o)
                              c:/program files/gnu tools arm embedded/5.3 2016q1/bin/../lib/gcc/arm-none-eabi/5.3.1/../../../../arm-none-eabi/lib/armv7-m\libg.a(lib_a-abort.o) (raise)
c:/program files/gnu tools arm embedded/5.3 2016q1/bin/../lib/gcc/arm-none-eabi/5.3.1/../../../../arm-none-eabi/lib/armv7-m\libg.a(lib_a-signalr.o)
                              c:/program files/gnu tools arm embedded/5.3 2016q1/bin/../lib/gcc/arm-none-eabi/5.3.1/../../../../arm-none-eabi/lib/armv7-m\libg.a(lib_a-signal.o) (_kill_r)
c:/program files/gnu tools arm embedded/5.3 2016q1/bin/../lib/gcc/arm-none-eabi/5.3.1/../../../../arm-none-eabi/lib/armv7-m\libg.a(lib_a-impure.o)
                              c:/program files/gnu tools arm embedded/5.3 2016q1/bin/../lib/gcc/arm-none-eabi/5.3.1/../../../../arm-none-eabi/lib/armv7-m\libg.a(lib_a-signal.o) (_impure_ptr)
c:/program files/gnu tools arm embedded/5.3 2016q1/bin/../lib/gcc/arm-none-eabi/5.3.1/../../../../arm-none-eabi/lib/armv7-m\libg.a(lib_a-mallocr.o)
                              c:/program files/gnu tools arm embedded/5.3 2016q1/bin/../lib/gcc/arm-none-eabi/5.3.1/../../../../arm-none-eabi/lib/armv7-m\libg.a(lib_a-signal.o) (_malloc_r)
c:/program files/gnu tools arm embedded/5.3 2016q1/bin/../lib/gcc/arm-none-eabi/5.3.1/../../../../arm-none-eabi/lib/armv7-m\libg.a(lib_a-mlock.o)
                              c:/program files/gnu tools arm embedded/5.3 2016q1/bin/../lib/gcc/arm-none-eabi/5.3.1/../../../../arm-none-eabi/lib/armv7-m\libg.a(lib_a-mallocr.o) (__malloc_lock)
c:/program files/gnu tools arm embedded/5.3 2016q1/bin/../lib/gcc/arm-none-eabi/5.3.1/../../../../arm-none-eabi/lib/armv7-m\libg.a(lib_a-reent.o)
                              c:/program files/gnu tools arm embedded/5.3 2016q1/bin/../lib/gcc/arm-none-eabi/5.3.1/../../../../arm-none-eabi/lib/armv7-m\libg.a(lib_a-signalr.o) (errno)
c:/program files/gnu tools arm embedded/5.3 2016q1/bin/../lib/gcc/arm-none-eabi/5.3.1/../../../../arm-none-eabi/lib/armv7-m\libg.a(lib_a-sbrkr.o)
                              c:/program files/gnu tools arm embedded/5.3 2016q1/bin/../lib/gcc/arm-none-eabi/5.3.1/../../../../arm-none-eabi/lib/armv7-m\libg.a(lib_a-mallocr.o) (_sbrk_r)
c:/program files/gnu tools arm embedded/5.3 2016q1/bin/../lib/gcc/arm-none-eabi/5.3.1/../../../../arm-none-eabi/lib/armv7-m\libg.a(lib_a-freer.o)
                              c:/program files/gnu tools arm embedded/5.3 2016q1/bin/../lib/gcc/arm-none-eabi/5.3.1/../../../../arm-none-eabi/lib/armv7-m\libg.a(lib_a-mallocr.o) (_free_r)

Allocating common symbols
Common symbol       size              file

errno               0x4               c:/program files/gnu tools arm embedded/5.3 2016q1/bin/../lib/gcc/arm-none-eabi/5.3.1/../../../../arm-none-eabi/lib/armv7-m\libg.a(lib_a-reent.o)
send                0x1c              ..\obj\main.o
source_clk          0x1               ..\obj\main.o
HSE_ON              0x1               ..\obj\main.o
RCC_value           0x14              ..\obj\delay.o
dht11_data          0x1c              ..\obj\main.o
PLL_ON              0x1               ..\obj\main.o

Discarded input sections

 .text          0x00000000        0x0 ..\obj\delay.o
 .data          0x00000000        0x0 ..\obj\delay.o
 .bss           0x00000000        0x0 ..\obj\delay.o
 .rodata        0x00000000      0x240 ..\obj\delay.o
 .text          0x00000000        0x0 ..\obj\pack_data.o
 .data          0x00000000        0x0 ..\obj\pack_data.o
 .bss           0x00000000        0x0 ..\obj\pack_data.o
 .rodata        0x00000000      0x24a ..\obj\pack_data.o
 .text.pack_world
                0x00000000       0xe0 ..\obj\pack_data.o
 .text.calc_crc
                0x00000000       0x88 ..\obj\pack_data.o
 .text.push_bit
                0x00000000      0x478 ..\obj\pack_data.o
 .text          0x00000000        0x0 ..\obj\bmp18c.o
 .data          0x00000000        0x0 ..\obj\bmp18c.o
 .rodata        0x00000000      0x240 ..\obj\bmp18c.o
 .text._Z11bmp18c_initv
                0x00000000       0x5c ..\obj\bmp18c.o
 .ARM.extab.text._Z11bmp18c_initv
                0x00000000        0xc ..\obj\bmp18c.o
 .ARM.exidx.text._Z11bmp18c_initv
                0x00000000        0x8 ..\obj\bmp18c.o
 .text          0x00000000        0x0 ..\obj\system_stm32f10x.o
 .data          0x00000000       0x14 ..\obj\system_stm32f10x.o
 .bss           0x00000000        0x0 ..\obj\system_stm32f10x.o
 .rodata        0x00000000      0x240 ..\obj\system_stm32f10x.o
 .text.SystemCoreClockUpdate
                0x00000000       0xd8 ..\obj\system_stm32f10x.o
 .text          0x00000000        0x0 ..\obj\startup_stm32f10x_md.o
 .data          0x00000000        0x0 ..\obj\startup_stm32f10x_md.o
 .bss           0x00000000        0x0 ..\obj\startup_stm32f10x_md.o
 .text          0x00000000        0x0 ..\obj\stm32f10x_gpio.o
 .data          0x00000000        0x0 ..\obj\stm32f10x_gpio.o
 .bss           0x00000000        0x0 ..\obj\stm32f10x_gpio.o
 .rodata        0x00000000      0x240 ..\obj\stm32f10x_gpio.o
 .text.GPIO_DeInit
                0x00000000       0xe4 ..\obj\stm32f10x_gpio.o
 .text.GPIO_AFIODeInit
                0x00000000       0x18 ..\obj\stm32f10x_gpio.o
 .text.GPIO_StructInit
                0x00000000       0x28 ..\obj\stm32f10x_gpio.o
 .text.GPIO_ReadInputDataBit
                0x00000000       0x34 ..\obj\stm32f10x_gpio.o
 .text.GPIO_ReadInputData
                0x00000000       0x18 ..\obj\stm32f10x_gpio.o
 .text.GPIO_ReadOutputDataBit
                0x00000000       0x34 ..\obj\stm32f10x_gpio.o
 .text.GPIO_ReadOutputData
                0x00000000       0x18 ..\obj\stm32f10x_gpio.o
 .text.GPIO_SetBits
                0x00000000       0x1c ..\obj\stm32f10x_gpio.o
 .text.GPIO_ResetBits
                0x00000000       0x1c ..\obj\stm32f10x_gpio.o
 .text.GPIO_Write
                0x00000000       0x1c ..\obj\stm32f10x_gpio.o
 .text.GPIO_PinLockConfig
                0x00000000       0x44 ..\obj\stm32f10x_gpio.o
 .text.GPIO_EventOutputConfig
                0x00000000       0x4c ..\obj\stm32f10x_gpio.o
 .text.GPIO_EventOutputCmd
                0x00000000       0x20 ..\obj\stm32f10x_gpio.o
 .text.GPIO_PinRemapConfig
                0x00000000       0xe0 ..\obj\stm32f10x_gpio.o
 .text.GPIO_EXTILineConfig
                0x00000000       0x84 ..\obj\stm32f10x_gpio.o
 .text.GPIO_ETH_MediaInterfaceConfig
                0x00000000       0x1c ..\obj\stm32f10x_gpio.o
 .text          0x00000000        0x0 ..\obj\main.o
 .data          0x00000000        0x0 ..\obj\main.o
 .bss           0x00000000        0x0 ..\obj\main.o
 .text.dht11    0x00000000       0x2c ..\obj\main.o
 .text          0x00000000        0x0 ..\obj\stm32f10x_rcc.o
 .bss           0x00000000        0x0 ..\obj\stm32f10x_rcc.o
 .rodata        0x00000000      0x240 ..\obj\stm32f10x_rcc.o
 .text.RCC_AdjustHSICalibrationValue
                0x00000000       0x3c ..\obj\stm32f10x_rcc.o
 .text.RCC_HSICmd
                0x00000000       0x20 ..\obj\stm32f10x_rcc.o
 .text.RCC_ITConfig
                0x00000000       0x4c ..\obj\stm32f10x_rcc.o
 .text.RCC_USBCLKConfig
                0x00000000       0x1c ..\obj\stm32f10x_rcc.o
 .text.RCC_LSEConfig
                0x00000000       0x40 ..\obj\stm32f10x_rcc.o
 .text.RCC_LSICmd
                0x00000000       0x20 ..\obj\stm32f10x_rcc.o
 .text.RCC_RTCCLKConfig
                0x00000000       0x24 ..\obj\stm32f10x_rcc.o
 .text.RCC_RTCCLKCmd
                0x00000000       0x20 ..\obj\stm32f10x_rcc.o
 .text.RCC_AHBPeriphClockCmd
                0x00000000       0x3c ..\obj\stm32f10x_rcc.o
 .text.RCC_APB1PeriphClockCmd
                0x00000000       0x3c ..\obj\stm32f10x_rcc.o
 .text.RCC_APB2PeriphResetCmd
                0x00000000       0x3c ..\obj\stm32f10x_rcc.o
 .text.RCC_APB1PeriphResetCmd
                0x00000000       0x3c ..\obj\stm32f10x_rcc.o
 .text.RCC_BackupResetCmd
                0x00000000       0x20 ..\obj\stm32f10x_rcc.o
 .text.RCC_MCOConfig
                0x00000000       0x20 ..\obj\stm32f10x_rcc.o
 .text.RCC_ClearFlag
                0x00000000       0x1c ..\obj\stm32f10x_rcc.o
 .text.RCC_GetITStatus
                0x00000000       0x34 ..\obj\stm32f10x_rcc.o
 .text.RCC_ClearITPendingBit
                0x00000000       0x20 ..\obj\stm32f10x_rcc.o
 .text          0x00000000        0x0 ..\obj\display.o
 .data          0x00000000        0x0 ..\obj\display.o
 .bss           0x00000000        0x0 ..\obj\display.o
 .text.LCD_invert
                0x00000000       0x2c ..\obj\display.o
 .text.LCD_invertText
                0x00000000       0x30 ..\obj\display.o
 .text.LCD_refreshScr
                0x00000000       0x58 ..\obj\display.o
 .text.LCD_refreshArea
                0x00000000       0x9c ..\obj\display.o
 .text.LCD_setPixel
                0x00000000       0xb4 ..\obj\display.o
 .text.LCD_drawHLine
                0x00000000       0x9c ..\obj\display.o
 .text.LCD_drawVLine
                0x00000000       0x58 ..\obj\display.o
 .text.abs      0x00000000       0x20 ..\obj\display.o
 .text.LCD_drawLine
                0x00000000      0x2c8 ..\obj\display.o
 .text.LCD_drawRectangle
                0x00000000       0x58 ..\obj\display.o
 .text          0x00000000        0x0 ..\obj\misc.o
 .data          0x00000000        0x0 ..\obj\misc.o
 .bss           0x00000000        0x0 ..\obj\misc.o
 .rodata        0x00000000      0x240 ..\obj\misc.o
 .text.NVIC_PriorityGroupConfig
                0x00000000       0x24 ..\obj\misc.o
 .text.NVIC_Init
                0x00000000       0xc4 ..\obj\misc.o
 .text.NVIC_SetVectorTable
                0x00000000       0x2c ..\obj\misc.o
 .text.NVIC_SystemLPConfig
                0x00000000       0x40 ..\obj\misc.o
 .text.SysTick_CLKSourceConfig
                0x00000000       0x38 ..\obj\misc.o
 .debug_info    0x00000000      0x9e3 ..\obj\misc.o
 .debug_abbrev  0x00000000      0x1ab ..\obj\misc.o
 .debug_aranges
                0x00000000       0x40 ..\obj\misc.o
 .debug_ranges  0x00000000       0x30 ..\obj\misc.o
 .debug_line    0x00000000      0x254 ..\obj\misc.o
 .debug_str     0x00000000      0x5e0 ..\obj\misc.o
 .comment       0x00000000       0x6f ..\obj\misc.o
 .debug_frame   0x00000000       0xd8 ..\obj\misc.o
 .ARM.attributes
                0x00000000       0x33 ..\obj\misc.o
 .text          0x00000000        0x0 ..\obj\stm32f10x_i2c.o
 .data          0x00000000        0x0 ..\obj\stm32f10x_i2c.o
 .bss           0x00000000        0x0 ..\obj\stm32f10x_i2c.o
 .rodata        0x00000000      0x240 ..\obj\stm32f10x_i2c.o
 .text.I2C_DeInit
                0x00000000       0x48 ..\obj\stm32f10x_i2c.o
 .text.I2C_Init
                0x00000000      0x184 ..\obj\stm32f10x_i2c.o
 .text.I2C_StructInit
                0x00000000       0x3c ..\obj\stm32f10x_i2c.o
 .text.I2C_Cmd  0x00000000       0x40 ..\obj\stm32f10x_i2c.o
 .text.I2C_DMACmd
                0x00000000       0x40 ..\obj\stm32f10x_i2c.o
 .text.I2C_DMALastTransferCmd
                0x00000000       0x40 ..\obj\stm32f10x_i2c.o
 .text.I2C_GenerateSTART
                0x00000000       0x40 ..\obj\stm32f10x_i2c.o
 .text.I2C_GenerateSTOP
                0x00000000       0x40 ..\obj\stm32f10x_i2c.o
 .text.I2C_AcknowledgeConfig
                0x00000000       0x40 ..\obj\stm32f10x_i2c.o
 .text.I2C_OwnAddress2Config
                0x00000000       0x44 ..\obj\stm32f10x_i2c.o
 .text.I2C_DualAddressCmd
                0x00000000       0x40 ..\obj\stm32f10x_i2c.o
 .text.I2C_GeneralCallCmd
                0x00000000       0x40 ..\obj\stm32f10x_i2c.o
 .text.I2C_ITConfig
                0x00000000       0x48 ..\obj\stm32f10x_i2c.o
 .text.I2C_SendData
                0x00000000       0x20 ..\obj\stm32f10x_i2c.o
 .text.I2C_ReceiveData
                0x00000000       0x1c ..\obj\stm32f10x_i2c.o
 .text.I2C_Send7bitAddress
                0x00000000       0x3c ..\obj\stm32f10x_i2c.o
 .text.I2C_ReadRegister
                0x00000000       0x2c ..\obj\stm32f10x_i2c.o
 .text.I2C_SoftwareResetCmd
                0x00000000       0x44 ..\obj\stm32f10x_i2c.o
 .text.I2C_NACKPositionConfig
                0x00000000       0x40 ..\obj\stm32f10x_i2c.o
 .text.I2C_SMBusAlertConfig
                0x00000000       0x40 ..\obj\stm32f10x_i2c.o
 .text.I2C_TransmitPEC
                0x00000000       0x40 ..\obj\stm32f10x_i2c.o
 .text.I2C_PECPositionConfig
                0x00000000       0x40 ..\obj\stm32f10x_i2c.o
 .text.I2C_CalculatePEC
                0x00000000       0x40 ..\obj\stm32f10x_i2c.o
 .text.I2C_GetPEC
                0x00000000       0x20 ..\obj\stm32f10x_i2c.o
 .text.I2C_ARPCmd
                0x00000000       0x40 ..\obj\stm32f10x_i2c.o
 .text.I2C_StretchClockCmd
                0x00000000       0x40 ..\obj\stm32f10x_i2c.o
 .text.I2C_FastModeDutyCycleConfig
                0x00000000       0x40 ..\obj\stm32f10x_i2c.o
 .text.I2C_CheckEvent
                0x00000000       0x60 ..\obj\stm32f10x_i2c.o
 .text.I2C_GetLastEvent
                0x00000000       0x44 ..\obj\stm32f10x_i2c.o
 .text.I2C_GetFlagStatus
                0x00000000       0x64 ..\obj\stm32f10x_i2c.o
 .text.I2C_ClearFlag
                0x00000000       0x2c ..\obj\stm32f10x_i2c.o
 .text.I2C_GetITStatus
                0x00000000       0x58 ..\obj\stm32f10x_i2c.o
 .text.I2C_ClearITPendingBit
                0x00000000       0x2c ..\obj\stm32f10x_i2c.o
 .debug_info    0x00000000      0xf83 ..\obj\stm32f10x_i2c.o
 .debug_abbrev  0x00000000      0x1ec ..\obj\stm32f10x_i2c.o
 .debug_aranges
                0x00000000      0x120 ..\obj\stm32f10x_i2c.o
 .debug_ranges  0x00000000      0x110 ..\obj\stm32f10x_i2c.o
 .debug_line    0x00000000      0x4f6 ..\obj\stm32f10x_i2c.o
 .debug_str     0x00000000      0x874 ..\obj\stm32f10x_i2c.o
 .comment       0x00000000       0x6f ..\obj\stm32f10x_i2c.o
 .debug_frame   0x00000000      0x530 ..\obj\stm32f10x_i2c.o
 .ARM.attributes
                0x00000000       0x33 ..\obj\stm32f10x_i2c.o
 .text          0x00000000        0x0 ..\obj\one_wire.o
 .data          0x00000000        0x0 ..\obj\one_wire.o
 .bss           0x00000000        0x0 ..\obj\one_wire.o
 .rodata        0x00000000      0x240 ..\obj\one_wire.o
 .text.start_data_read
                0x00000000       0x3c ..\obj\one_wire.o
 .text.received_data
                0x00000000       0xb4 ..\obj\one_wire.o
 .text          0x00000000      0x370 c:/program files/gnu tools arm embedded/5.3 2016q1/bin/../lib/gcc/arm-none-eabi/5.3.1/armv7-m\libgcc.a(_arm_addsubdf3.o)
 .data          0x00000000        0x0 c:/program files/gnu tools arm embedded/5.3 2016q1/bin/../lib/gcc/arm-none-eabi/5.3.1/armv7-m\libgcc.a(_arm_addsubdf3.o)
 .bss           0x00000000        0x0 c:/program files/gnu tools arm embedded/5.3 2016q1/bin/../lib/gcc/arm-none-eabi/5.3.1/armv7-m\libgcc.a(_arm_addsubdf3.o)
 .ARM.attributes
                0x00000000       0x1d c:/program files/gnu tools arm embedded/5.3 2016q1/bin/../lib/gcc/arm-none-eabi/5.3.1/armv7-m\libgcc.a(_arm_addsubdf3.o)
 .text          0x00000000      0x424 c:/program files/gnu tools arm embedded/5.3 2016q1/bin/../lib/gcc/arm-none-eabi/5.3.1/armv7-m\libgcc.a(_arm_muldivdf3.o)
 .data          0x00000000        0x0 c:/program files/gnu tools arm embedded/5.3 2016q1/bin/../lib/gcc/arm-none-eabi/5.3.1/armv7-m\libgcc.a(_arm_muldivdf3.o)
 .bss           0x00000000        0x0 c:/program files/gnu tools arm embedded/5.3 2016q1/bin/../lib/gcc/arm-none-eabi/5.3.1/armv7-m\libgcc.a(_arm_muldivdf3.o)
 .ARM.attributes
                0x00000000       0x1d c:/program files/gnu tools arm embedded/5.3 2016q1/bin/../lib/gcc/arm-none-eabi/5.3.1/armv7-m\libgcc.a(_arm_muldivdf3.o)
 .text          0x00000000       0x50 c:/program files/gnu tools arm embedded/5.3 2016q1/bin/../lib/gcc/arm-none-eabi/5.3.1/armv7-m\libgcc.a(_arm_fixdfsi.o)
 .data          0x00000000        0x0 c:/program files/gnu tools arm embedded/5.3 2016q1/bin/../lib/gcc/arm-none-eabi/5.3.1/armv7-m\libgcc.a(_arm_fixdfsi.o)
 .bss           0x00000000        0x0 c:/program files/gnu tools arm embedded/5.3 2016q1/bin/../lib/gcc/arm-none-eabi/5.3.1/armv7-m\libgcc.a(_arm_fixdfsi.o)
 .ARM.attributes
                0x00000000       0x1d c:/program files/gnu tools arm embedded/5.3 2016q1/bin/../lib/gcc/arm-none-eabi/5.3.1/armv7-m\libgcc.a(_arm_fixdfsi.o)
 .text          0x00000000      0x21c c:/program files/gnu tools arm embedded/5.3 2016q1/bin/../lib/gcc/arm-none-eabi/5.3.1/armv7-m\libgcc.a(_arm_addsubsf3.o)
 .data          0x00000000        0x0 c:/program files/gnu tools arm embedded/5.3 2016q1/bin/../lib/gcc/arm-none-eabi/5.3.1/armv7-m\libgcc.a(_arm_addsubsf3.o)
 .bss           0x00000000        0x0 c:/program files/gnu tools arm embedded/5.3 2016q1/bin/../lib/gcc/arm-none-eabi/5.3.1/armv7-m\libgcc.a(_arm_addsubsf3.o)
 .ARM.attributes
                0x00000000       0x1d c:/program files/gnu tools arm embedded/5.3 2016q1/bin/../lib/gcc/arm-none-eabi/5.3.1/armv7-m\libgcc.a(_arm_addsubsf3.o)
 .text          0x00000000      0x2a0 c:/program files/gnu tools arm embedded/5.3 2016q1/bin/../lib/gcc/arm-none-eabi/5.3.1/armv7-m\libgcc.a(_arm_muldivsf3.o)
 .data          0x00000000        0x0 c:/program files/gnu tools arm embedded/5.3 2016q1/bin/../lib/gcc/arm-none-eabi/5.3.1/armv7-m\libgcc.a(_arm_muldivsf3.o)
 .bss           0x00000000        0x0 c:/program files/gnu tools arm embedded/5.3 2016q1/bin/../lib/gcc/arm-none-eabi/5.3.1/armv7-m\libgcc.a(_arm_muldivsf3.o)
 .ARM.attributes
                0x00000000       0x1d c:/program files/gnu tools arm embedded/5.3 2016q1/bin/../lib/gcc/arm-none-eabi/5.3.1/armv7-m\libgcc.a(_arm_muldivsf3.o)
 .text          0x00000000      0x9e4 c:/program files/gnu tools arm embedded/5.3 2016q1/bin/../lib/gcc/arm-none-eabi/5.3.1/armv7-m\libgcc.a(unwind-arm.o)
 .data          0x00000000        0x0 c:/program files/gnu tools arm embedded/5.3 2016q1/bin/../lib/gcc/arm-none-eabi/5.3.1/armv7-m\libgcc.a(unwind-arm.o)
 .bss           0x00000000        0x0 c:/program files/gnu tools arm embedded/5.3 2016q1/bin/../lib/gcc/arm-none-eabi/5.3.1/armv7-m\libgcc.a(unwind-arm.o)
 .ARM.extab     0x00000000        0x0 c:/program files/gnu tools arm embedded/5.3 2016q1/bin/../lib/gcc/arm-none-eabi/5.3.1/armv7-m\libgcc.a(unwind-arm.o)
 .ARM.exidx     0x00000000       0xd8 c:/program files/gnu tools arm embedded/5.3 2016q1/bin/../lib/gcc/arm-none-eabi/5.3.1/armv7-m\libgcc.a(unwind-arm.o)
 .debug_frame   0x00000000      0x300 c:/program files/gnu tools arm embedded/5.3 2016q1/bin/../lib/gcc/arm-none-eabi/5.3.1/armv7-m\libgcc.a(unwind-arm.o)
 .ARM.attributes
                0x00000000       0x2d c:/program files/gnu tools arm embedded/5.3 2016q1/bin/../lib/gcc/arm-none-eabi/5.3.1/armv7-m\libgcc.a(unwind-arm.o)
 .text          0x00000000      0x1ac c:/program files/gnu tools arm embedded/5.3 2016q1/bin/../lib/gcc/arm-none-eabi/5.3.1/armv7-m\libgcc.a(libunwind.o)
 .data          0x00000000        0x0 c:/program files/gnu tools arm embedded/5.3 2016q1/bin/../lib/gcc/arm-none-eabi/5.3.1/armv7-m\libgcc.a(libunwind.o)
 .bss           0x00000000        0x0 c:/program files/gnu tools arm embedded/5.3 2016q1/bin/../lib/gcc/arm-none-eabi/5.3.1/armv7-m\libgcc.a(libunwind.o)
 .ARM.attributes
                0x00000000       0x1d c:/program files/gnu tools arm embedded/5.3 2016q1/bin/../lib/gcc/arm-none-eabi/5.3.1/armv7-m\libgcc.a(libunwind.o)
 .text          0x00000000      0x354 c:/program files/gnu tools arm embedded/5.3 2016q1/bin/../lib/gcc/arm-none-eabi/5.3.1/armv7-m\libgcc.a(pr-support.o)
 .data          0x00000000        0x0 c:/program files/gnu tools arm embedded/5.3 2016q1/bin/../lib/gcc/arm-none-eabi/5.3.1/armv7-m\libgcc.a(pr-support.o)
 .bss           0x00000000        0x0 c:/program files/gnu tools arm embedded/5.3 2016q1/bin/../lib/gcc/arm-none-eabi/5.3.1/armv7-m\libgcc.a(pr-support.o)
 .ARM.extab     0x00000000       0x18 c:/program files/gnu tools arm embedded/5.3 2016q1/bin/../lib/gcc/arm-none-eabi/5.3.1/armv7-m\libgcc.a(pr-support.o)
 .ARM.exidx     0x00000000       0x48 c:/program files/gnu tools arm embedded/5.3 2016q1/bin/../lib/gcc/arm-none-eabi/5.3.1/armv7-m\libgcc.a(pr-support.o)
 .debug_frame   0x00000000      0x104 c:/program files/gnu tools arm embedded/5.3 2016q1/bin/../lib/gcc/arm-none-eabi/5.3.1/armv7-m\libgcc.a(pr-support.o)
 .ARM.attributes
                0x00000000       0x2d c:/program files/gnu tools arm embedded/5.3 2016q1/bin/../lib/gcc/arm-none-eabi/5.3.1/armv7-m\libgcc.a(pr-support.o)
 .text          0x00000000        0x0 c:/program files/gnu tools arm embedded/5.3 2016q1/bin/../lib/gcc/arm-none-eabi/5.3.1/../../../../arm-none-eabi/lib/armv7-m\libg.a(lib_a-abort.o)
 .data          0x00000000        0x0 c:/program files/gnu tools arm embedded/5.3 2016q1/bin/../lib/gcc/arm-none-eabi/5.3.1/../../../../arm-none-eabi/lib/armv7-m\libg.a(lib_a-abort.o)
 .bss           0x00000000        0x0 c:/program files/gnu tools arm embedded/5.3 2016q1/bin/../lib/gcc/arm-none-eabi/5.3.1/../../../../arm-none-eabi/lib/armv7-m\libg.a(lib_a-abort.o)
 .text.abort    0x00000000       0x10 c:/program files/gnu tools arm embedded/5.3 2016q1/bin/../lib/gcc/arm-none-eabi/5.3.1/../../../../arm-none-eabi/lib/armv7-m\libg.a(lib_a-abort.o)
 .debug_frame   0x00000000       0x28 c:/program files/gnu tools arm embedded/5.3 2016q1/bin/../lib/gcc/arm-none-eabi/5.3.1/../../../../arm-none-eabi/lib/armv7-m\libg.a(lib_a-abort.o)
 .ARM.attributes
                0x00000000       0x2d c:/program files/gnu tools arm embedded/5.3 2016q1/bin/../lib/gcc/arm-none-eabi/5.3.1/../../../../arm-none-eabi/lib/armv7-m\libg.a(lib_a-abort.o)
 .text          0x00000000       0xec c:/program files/gnu tools arm embedded/5.3 2016q1/bin/../lib/gcc/arm-none-eabi/5.3.1/../../../../arm-none-eabi/lib/armv7-m\libg.a(lib_a-memcpy.o)
 .data          0x00000000        0x0 c:/program files/gnu tools arm embedded/5.3 2016q1/bin/../lib/gcc/arm-none-eabi/5.3.1/../../../../arm-none-eabi/lib/armv7-m\libg.a(lib_a-memcpy.o)
 .bss           0x00000000        0x0 c:/program files/gnu tools arm embedded/5.3 2016q1/bin/../lib/gcc/arm-none-eabi/5.3.1/../../../../arm-none-eabi/lib/armv7-m\libg.a(lib_a-memcpy.o)
 .ARM.attributes
                0x00000000       0x1b c:/program files/gnu tools arm embedded/5.3 2016q1/bin/../lib/gcc/arm-none-eabi/5.3.1/../../../../arm-none-eabi/lib/armv7-m\libg.a(lib_a-memcpy.o)
 .text          0x00000000        0x0 c:/program files/gnu tools arm embedded/5.3 2016q1/bin/../lib/gcc/arm-none-eabi/5.3.1/../../../../arm-none-eabi/lib/armv7-m\libg.a(lib_a-signal.o)
 .data          0x00000000        0x0 c:/program files/gnu tools arm embedded/5.3 2016q1/bin/../lib/gcc/arm-none-eabi/5.3.1/../../../../arm-none-eabi/lib/armv7-m\libg.a(lib_a-signal.o)
 .bss           0x00000000        0x0 c:/program files/gnu tools arm embedded/5.3 2016q1/bin/../lib/gcc/arm-none-eabi/5.3.1/../../../../arm-none-eabi/lib/armv7-m\libg.a(lib_a-signal.o)
 .text._init_signal_r
                0x00000000       0x38 c:/program files/gnu tools arm embedded/5.3 2016q1/bin/../lib/gcc/arm-none-eabi/5.3.1/../../../../arm-none-eabi/lib/armv7-m\libg.a(lib_a-signal.o)
 .text._signal_r
                0x00000000       0x38 c:/program files/gnu tools arm embedded/5.3 2016q1/bin/../lib/gcc/arm-none-eabi/5.3.1/../../../../arm-none-eabi/lib/armv7-m\libg.a(lib_a-signal.o)
 .text._raise_r
                0x00000000       0x58 c:/program files/gnu tools arm embedded/5.3 2016q1/bin/../lib/gcc/arm-none-eabi/5.3.1/../../../../arm-none-eabi/lib/armv7-m\libg.a(lib_a-signal.o)
 .text.__sigtramp_r
                0x00000000       0x54 c:/program files/gnu tools arm embedded/5.3 2016q1/bin/../lib/gcc/arm-none-eabi/5.3.1/../../../../arm-none-eabi/lib/armv7-m\libg.a(lib_a-signal.o)
 .text.raise    0x00000000       0x10 c:/program files/gnu tools arm embedded/5.3 2016q1/bin/../lib/gcc/arm-none-eabi/5.3.1/../../../../arm-none-eabi/lib/armv7-m\libg.a(lib_a-signal.o)
 .text.signal   0x00000000       0x10 c:/program files/gnu tools arm embedded/5.3 2016q1/bin/../lib/gcc/arm-none-eabi/5.3.1/../../../../arm-none-eabi/lib/armv7-m\libg.a(lib_a-signal.o)
 .text._init_signal
                0x00000000        0xc c:/program files/gnu tools arm embedded/5.3 2016q1/bin/../lib/gcc/arm-none-eabi/5.3.1/../../../../arm-none-eabi/lib/armv7-m\libg.a(lib_a-signal.o)
 .text.__sigtramp
                0x00000000       0x10 c:/program files/gnu tools arm embedded/5.3 2016q1/bin/../lib/gcc/arm-none-eabi/5.3.1/../../../../arm-none-eabi/lib/armv7-m\libg.a(lib_a-signal.o)
 .debug_frame   0x00000000       0xe4 c:/program files/gnu tools arm embedded/5.3 2016q1/bin/../lib/gcc/arm-none-eabi/5.3.1/../../../../arm-none-eabi/lib/armv7-m\libg.a(lib_a-signal.o)
 .ARM.attributes
                0x00000000       0x2d c:/program files/gnu tools arm embedded/5.3 2016q1/bin/../lib/gcc/arm-none-eabi/5.3.1/../../../../arm-none-eabi/lib/armv7-m\libg.a(lib_a-signal.o)
 .text          0x00000000        0x0 c:/program files/gnu tools arm embedded/5.3 2016q1/bin/../lib/gcc/arm-none-eabi/5.3.1/../../../../arm-none-eabi/lib/armv7-m\libg.a(lib_a-signalr.o)
 .data          0x00000000        0x0 c:/program files/gnu tools arm embedded/5.3 2016q1/bin/../lib/gcc/arm-none-eabi/5.3.1/../../../../arm-none-eabi/lib/armv7-m\libg.a(lib_a-signalr.o)
 .bss           0x00000000        0x0 c:/program files/gnu tools arm embedded/5.3 2016q1/bin/../lib/gcc/arm-none-eabi/5.3.1/../../../../arm-none-eabi/lib/armv7-m\libg.a(lib_a-signalr.o)
 .text._kill_r  0x00000000       0x28 c:/program files/gnu tools arm embedded/5.3 2016q1/bin/../lib/gcc/arm-none-eabi/5.3.1/../../../../arm-none-eabi/lib/armv7-m\libg.a(lib_a-signalr.o)
 .text._getpid_r
                0x00000000        0x4 c:/program files/gnu tools arm embedded/5.3 2016q1/bin/../lib/gcc/arm-none-eabi/5.3.1/../../../../arm-none-eabi/lib/armv7-m\libg.a(lib_a-signalr.o)
 .debug_frame   0x00000000       0x3c c:/program files/gnu tools arm embedded/5.3 2016q1/bin/../lib/gcc/arm-none-eabi/5.3.1/../../../../arm-none-eabi/lib/armv7-m\libg.a(lib_a-signalr.o)
 .ARM.attributes
                0x00000000       0x2d c:/program files/gnu tools arm embedded/5.3 2016q1/bin/../lib/gcc/arm-none-eabi/5.3.1/../../../../arm-none-eabi/lib/armv7-m\libg.a(lib_a-signalr.o)
 .text          0x00000000        0x0 c:/program files/gnu tools arm embedded/5.3 2016q1/bin/../lib/gcc/arm-none-eabi/5.3.1/../../../../arm-none-eabi/lib/armv7-m\libg.a(lib_a-impure.o)
 .data          0x00000000        0x0 c:/program files/gnu tools arm embedded/5.3 2016q1/bin/../lib/gcc/arm-none-eabi/5.3.1/../../../../arm-none-eabi/lib/armv7-m\libg.a(lib_a-impure.o)
 .bss           0x00000000        0x0 c:/program files/gnu tools arm embedded/5.3 2016q1/bin/../lib/gcc/arm-none-eabi/5.3.1/../../../../arm-none-eabi/lib/armv7-m\libg.a(lib_a-impure.o)
 .data.impure_data
                0x00000000      0x428 c:/program files/gnu tools arm embedded/5.3 2016q1/bin/../lib/gcc/arm-none-eabi/5.3.1/../../../../arm-none-eabi/lib/armv7-m\libg.a(lib_a-impure.o)
 .data._impure_ptr
                0x00000000        0x4 c:/program files/gnu tools arm embedded/5.3 2016q1/bin/../lib/gcc/arm-none-eabi/5.3.1/../../../../arm-none-eabi/lib/armv7-m\libg.a(lib_a-impure.o)
 .rodata.str1.4
                0x00000000        0x2 c:/program files/gnu tools arm embedded/5.3 2016q1/bin/../lib/gcc/arm-none-eabi/5.3.1/../../../../arm-none-eabi/lib/armv7-m\libg.a(lib_a-impure.o)
 .rodata._global_impure_ptr
                0x00000000        0x4 c:/program files/gnu tools arm embedded/5.3 2016q1/bin/../lib/gcc/arm-none-eabi/5.3.1/../../../../arm-none-eabi/lib/armv7-m\libg.a(lib_a-impure.o)
 .ARM.attributes
                0x00000000       0x2d c:/program files/gnu tools arm embedded/5.3 2016q1/bin/../lib/gcc/arm-none-eabi/5.3.1/../../../../arm-none-eabi/lib/armv7-m\libg.a(lib_a-impure.o)
 .text          0x00000000        0x0 c:/program files/gnu tools arm embedded/5.3 2016q1/bin/../lib/gcc/arm-none-eabi/5.3.1/../../../../arm-none-eabi/lib/armv7-m\libg.a(lib_a-mallocr.o)
 .data          0x00000000        0x0 c:/program files/gnu tools arm embedded/5.3 2016q1/bin/../lib/gcc/arm-none-eabi/5.3.1/../../../../arm-none-eabi/lib/armv7-m\libg.a(lib_a-mallocr.o)
 .bss           0x00000000        0x0 c:/program files/gnu tools arm embedded/5.3 2016q1/bin/../lib/gcc/arm-none-eabi/5.3.1/../../../../arm-none-eabi/lib/armv7-m\libg.a(lib_a-mallocr.o)
 .text._malloc_r
                0x00000000      0x558 c:/program files/gnu tools arm embedded/5.3 2016q1/bin/../lib/gcc/arm-none-eabi/5.3.1/../../../../arm-none-eabi/lib/armv7-m\libg.a(lib_a-mallocr.o)
 .data.__malloc_av_
                0x00000000      0x408 c:/program files/gnu tools arm embedded/5.3 2016q1/bin/../lib/gcc/arm-none-eabi/5.3.1/../../../../arm-none-eabi/lib/armv7-m\libg.a(lib_a-mallocr.o)
 .data.__malloc_trim_threshold
                0x00000000        0x4 c:/program files/gnu tools arm embedded/5.3 2016q1/bin/../lib/gcc/arm-none-eabi/5.3.1/../../../../arm-none-eabi/lib/armv7-m\libg.a(lib_a-mallocr.o)
 .bss.__malloc_max_total_mem
                0x00000000        0x4 c:/program files/gnu tools arm embedded/5.3 2016q1/bin/../lib/gcc/arm-none-eabi/5.3.1/../../../../arm-none-eabi/lib/armv7-m\libg.a(lib_a-mallocr.o)
 .bss.__malloc_max_sbrked_mem
                0x00000000        0x4 c:/program files/gnu tools arm embedded/5.3 2016q1/bin/../lib/gcc/arm-none-eabi/5.3.1/../../../../arm-none-eabi/lib/armv7-m\libg.a(lib_a-mallocr.o)
 .bss.__malloc_top_pad
                0x00000000        0x4 c:/program files/gnu tools arm embedded/5.3 2016q1/bin/../lib/gcc/arm-none-eabi/5.3.1/../../../../arm-none-eabi/lib/armv7-m\libg.a(lib_a-mallocr.o)
 .bss.__malloc_current_mallinfo
                0x00000000       0x28 c:/program files/gnu tools arm embedded/5.3 2016q1/bin/../lib/gcc/arm-none-eabi/5.3.1/../../../../arm-none-eabi/lib/armv7-m\libg.a(lib_a-mallocr.o)
 .data.__malloc_sbrk_base
                0x00000000        0x4 c:/program files/gnu tools arm embedded/5.3 2016q1/bin/../lib/gcc/arm-none-eabi/5.3.1/../../../../arm-none-eabi/lib/armv7-m\libg.a(lib_a-mallocr.o)
 .debug_frame   0x00000000       0x54 c:/program files/gnu tools arm embedded/5.3 2016q1/bin/../lib/gcc/arm-none-eabi/5.3.1/../../../../arm-none-eabi/lib/armv7-m\libg.a(lib_a-mallocr.o)
 .ARM.attributes
                0x00000000       0x2d c:/program files/gnu tools arm embedded/5.3 2016q1/bin/../lib/gcc/arm-none-eabi/5.3.1/../../../../arm-none-eabi/lib/armv7-m\libg.a(lib_a-mallocr.o)
 .text          0x00000000        0x0 c:/program files/gnu tools arm embedded/5.3 2016q1/bin/../lib/gcc/arm-none-eabi/5.3.1/../../../../arm-none-eabi/lib/armv7-m\libg.a(lib_a-mlock.o)
 .data          0x00000000        0x0 c:/program files/gnu tools arm embedded/5.3 2016q1/bin/../lib/gcc/arm-none-eabi/5.3.1/../../../../arm-none-eabi/lib/armv7-m\libg.a(lib_a-mlock.o)
 .bss           0x00000000        0x0 c:/program files/gnu tools arm embedded/5.3 2016q1/bin/../lib/gcc/arm-none-eabi/5.3.1/../../../../arm-none-eabi/lib/armv7-m\libg.a(lib_a-mlock.o)
 .text.__malloc_lock
                0x00000000        0x4 c:/program files/gnu tools arm embedded/5.3 2016q1/bin/../lib/gcc/arm-none-eabi/5.3.1/../../../../arm-none-eabi/lib/armv7-m\libg.a(lib_a-mlock.o)
 .text.__malloc_unlock
                0x00000000        0x4 c:/program files/gnu tools arm embedded/5.3 2016q1/bin/../lib/gcc/arm-none-eabi/5.3.1/../../../../arm-none-eabi/lib/armv7-m\libg.a(lib_a-mlock.o)
 .debug_frame   0x00000000       0x30 c:/program files/gnu tools arm embedded/5.3 2016q1/bin/../lib/gcc/arm-none-eabi/5.3.1/../../../../arm-none-eabi/lib/armv7-m\libg.a(lib_a-mlock.o)
 .ARM.attributes
                0x00000000       0x2d c:/program files/gnu tools arm embedded/5.3 2016q1/bin/../lib/gcc/arm-none-eabi/5.3.1/../../../../arm-none-eabi/lib/armv7-m\libg.a(lib_a-mlock.o)
 .text          0x00000000        0x0 c:/program files/gnu tools arm embedded/5.3 2016q1/bin/../lib/gcc/arm-none-eabi/5.3.1/../../../../arm-none-eabi/lib/armv7-m\libg.a(lib_a-reent.o)
 .data          0x00000000        0x0 c:/program files/gnu tools arm embedded/5.3 2016q1/bin/../lib/gcc/arm-none-eabi/5.3.1/../../../../arm-none-eabi/lib/armv7-m\libg.a(lib_a-reent.o)
 .bss           0x00000000        0x0 c:/program files/gnu tools arm embedded/5.3 2016q1/bin/../lib/gcc/arm-none-eabi/5.3.1/../../../../arm-none-eabi/lib/armv7-m\libg.a(lib_a-reent.o)
 .text.cleanup_glue
                0x00000000       0x1c c:/program files/gnu tools arm embedded/5.3 2016q1/bin/../lib/gcc/arm-none-eabi/5.3.1/../../../../arm-none-eabi/lib/armv7-m\libg.a(lib_a-reent.o)
 .text._reclaim_reent
                0x00000000       0x88 c:/program files/gnu tools arm embedded/5.3 2016q1/bin/../lib/gcc/arm-none-eabi/5.3.1/../../../../arm-none-eabi/lib/armv7-m\libg.a(lib_a-reent.o)
 .debug_frame   0x00000000       0x58 c:/program files/gnu tools arm embedded/5.3 2016q1/bin/../lib/gcc/arm-none-eabi/5.3.1/../../../../arm-none-eabi/lib/armv7-m\libg.a(lib_a-reent.o)
 .ARM.attributes
                0x00000000       0x2d c:/program files/gnu tools arm embedded/5.3 2016q1/bin/../lib/gcc/arm-none-eabi/5.3.1/../../../../arm-none-eabi/lib/armv7-m\libg.a(lib_a-reent.o)
 COMMON         0x00000000        0x4 c:/program files/gnu tools arm embedded/5.3 2016q1/bin/../lib/gcc/arm-none-eabi/5.3.1/../../../../arm-none-eabi/lib/armv7-m\libg.a(lib_a-reent.o)
 .text          0x00000000        0x0 c:/program files/gnu tools arm embedded/5.3 2016q1/bin/../lib/gcc/arm-none-eabi/5.3.1/../../../../arm-none-eabi/lib/armv7-m\libg.a(lib_a-sbrkr.o)
 .data          0x00000000        0x0 c:/program files/gnu tools arm embedded/5.3 2016q1/bin/../lib/gcc/arm-none-eabi/5.3.1/../../../../arm-none-eabi/lib/armv7-m\libg.a(lib_a-sbrkr.o)
 .bss           0x00000000        0x0 c:/program files/gnu tools arm embedded/5.3 2016q1/bin/../lib/gcc/arm-none-eabi/5.3.1/../../../../arm-none-eabi/lib/armv7-m\libg.a(lib_a-sbrkr.o)
 .text._sbrk_r  0x00000000       0x24 c:/program files/gnu tools arm embedded/5.3 2016q1/bin/../lib/gcc/arm-none-eabi/5.3.1/../../../../arm-none-eabi/lib/armv7-m\libg.a(lib_a-sbrkr.o)
 .debug_frame   0x00000000       0x2c c:/program files/gnu tools arm embedded/5.3 2016q1/bin/../lib/gcc/arm-none-eabi/5.3.1/../../../../arm-none-eabi/lib/armv7-m\libg.a(lib_a-sbrkr.o)
 .ARM.attributes
                0x00000000       0x2d c:/program files/gnu tools arm embedded/5.3 2016q1/bin/../lib/gcc/arm-none-eabi/5.3.1/../../../../arm-none-eabi/lib/armv7-m\libg.a(lib_a-sbrkr.o)
 .text          0x00000000        0x0 c:/program files/gnu tools arm embedded/5.3 2016q1/bin/../lib/gcc/arm-none-eabi/5.3.1/../../../../arm-none-eabi/lib/armv7-m\libg.a(lib_a-freer.o)
 .data          0x00000000        0x0 c:/program files/gnu tools arm embedded/5.3 2016q1/bin/../lib/gcc/arm-none-eabi/5.3.1/../../../../arm-none-eabi/lib/armv7-m\libg.a(lib_a-freer.o)
 .bss           0x00000000        0x0 c:/program files/gnu tools arm embedded/5.3 2016q1/bin/../lib/gcc/arm-none-eabi/5.3.1/../../../../arm-none-eabi/lib/armv7-m\libg.a(lib_a-freer.o)
 .text._malloc_trim_r
                0x00000000       0x9c c:/program files/gnu tools arm embedded/5.3 2016q1/bin/../lib/gcc/arm-none-eabi/5.3.1/../../../../arm-none-eabi/lib/armv7-m\libg.a(lib_a-freer.o)
 .text._free_r  0x00000000      0x1d0 c:/program files/gnu tools arm embedded/5.3 2016q1/bin/../lib/gcc/arm-none-eabi/5.3.1/../../../../arm-none-eabi/lib/armv7-m\libg.a(lib_a-freer.o)
 .debug_frame   0x00000000       0x74 c:/program files/gnu tools arm embedded/5.3 2016q1/bin/../lib/gcc/arm-none-eabi/5.3.1/../../../../arm-none-eabi/lib/armv7-m\libg.a(lib_a-freer.o)
 .ARM.attributes
                0x00000000       0x2d c:/program files/gnu tools arm embedded/5.3 2016q1/bin/../lib/gcc/arm-none-eabi/5.3.1/../../../../arm-none-eabi/lib/armv7-m\libg.a(lib_a-freer.o)

Memory Configuration

Name             Origin             Length             Attributes
rom              0x08000000         0x00020000         xr
ram              0x20000000         0x00005000         xrw
*default*        0x00000000         0xffffffff

Linker script and memory map

                0x20005000                _eram = 0x20005000

.text           0x08000000     0x1c4c
 *(.isr_vector)
 .isr_vector    0x08000000      0x10c ..\obj\startup_stm32f10x_md.o
                0x08000000                g_pfnVectors
 *(.text*)
 .text.NVIC_SetPriority
                0x0800010c       0x54 ..\obj\delay.o
 .text.SysTick_Config
                0x08000160       0x44 ..\obj\delay.o
 .text.SysTick_Handler
                0x080001a4       0x1c ..\obj\delay.o
                0x080001a4                SysTick_Handler
 .text.delay_ms
                0x080001c0       0x68 ..\obj\delay.o
                0x080001c0                delay_ms
 .text.delay_us
                0x08000228       0x34 ..\obj\delay.o
                0x08000228                delay_us
 .text.delay_sec
                0x0800025c       0x70 ..\obj\delay.o
                0x0800025c                delay_sec
 .text.unpack_world
                0x080002cc       0xdc ..\obj\pack_data.o
                0x080002cc                unpack_world
 .text.pop_bit  0x080003a8      0x388 ..\obj\pack_data.o
                0x080003a8                pop_bit
 .text.SystemInit
                0x08000730       0x68 ..\obj\system_stm32f10x.o
                0x08000730                SystemInit
 .text.SetSysClock
                0x08000798        0xc ..\obj\system_stm32f10x.o
 .text.SetSysClockTo72
                0x080007a4      0x100 ..\obj\system_stm32f10x.o
 .text.Default_Reset_Handler
                0x080008a4       0x60 ..\obj\startup_stm32f10x_md.o
                0x080008a4                Default_Reset_Handler
                0x080008a4                Reset_Handler
 .text.Default_Handler
                0x08000904        0x8 ..\obj\startup_stm32f10x_md.o
                0x08000904                EXTI2_IRQHandler
                0x08000904                DebugMon_Handler
                0x08000904                TIM1_CC_IRQHandler
                0x08000904                HardFault_Handler
                0x08000904                PVD_IRQHandler
                0x08000904                PendSV_Handler
                0x08000904                NMI_Handler
                0x08000904                EXTI3_IRQHandler
                0x08000904                EXTI0_IRQHandler
                0x08000904                I2C2_EV_IRQHandler
                0x08000904                UsageFault_Handler
                0x08000904                ADC1_2_IRQHandler
                0x08000904                SPI1_IRQHandler
                0x08000904                TAMPER_IRQHandler
                0x08000904                DMA1_Channel4_IRQHandler
                0x08000904                USART3_IRQHandler
                0x08000904                RTC_IRQHandler
                0x08000904                DMA1_Channel7_IRQHandler
                0x08000904                CAN1_RX1_IRQHandler
                0x08000904                TIM4_IRQHandler
                0x08000904                I2C1_EV_IRQHandler
                0x08000904                DMA1_Channel6_IRQHandler
                0x08000904                TIM3_IRQHandler
                0x08000904                RCC_IRQHandler
                0x08000904                TIM1_TRG_COM_IRQHandler
                0x08000904                DMA1_Channel1_IRQHandler
                0x08000904                EXTI15_10_IRQHandler
                0x08000904                EXTI9_5_IRQHandler
                0x08000904                SPI2_IRQHandler
                0x08000904                MemManage_Handler
                0x08000904                SVC_Handler
                0x08000904                DMA1_Channel5_IRQHandler
                0x08000904                EXTI4_IRQHandler
                0x08000904                USB_LP_CAN1_RX0_IRQHandler
                0x08000904                USB_HP_CAN1_TX_IRQHandler
                0x08000904                DMA1_Channel3_IRQHandler
                0x08000904                TIM1_UP_IRQHandler
                0x08000904                WWDG_IRQHandler
                0x08000904                TIM2_IRQHandler
                0x08000904                TIM1_BRK_IRQHandler
                0x08000904                EXTI1_IRQHandler
                0x08000904                RTCAlarm_IRQHandler
                0x08000904                USART2_IRQHandler
                0x08000904                I2C2_ER_IRQHandler
                0x08000904                DMA1_Channel2_IRQHandler
                0x08000904                CAN1_SCE_IRQHandler
                0x08000904                FLASH_IRQHandler
                0x08000904                BusFault_Handler
                0x08000904                USART1_IRQHandler
                0x08000904                I2C1_ER_IRQHandler
                0x08000904                USBWakeUp_IRQHandler
 .text.GPIO_Init
                0x0800090c      0x178 ..\obj\stm32f10x_gpio.o
                0x0800090c                GPIO_Init
 .text.GPIO_WriteBit
                0x08000a84       0x30 ..\obj\stm32f10x_gpio.o
                0x08000a84                GPIO_WriteBit
 .text.NVIC_SetPriority
                0x08000ab4       0x54 ..\obj\main.o
 .text.SysTick_Config
                0x08000b08       0x44 ..\obj\main.o
 .text.main     0x08000b4c       0xc4 ..\obj\main.o
                0x08000b4c                main
 .text.GPIO_Config
                0x08000c10       0x7c ..\obj\main.o
                0x08000c10                GPIO_Config
 .text.RCC_Config
                0x08000c8c       0xc4 ..\obj\main.o
                0x08000c8c                RCC_Config
 .text.send_onewire
                0x08000d50       0x28 ..\obj\main.o
                0x08000d50                send_onewire
 .text.RCC_DeInit
                0x08000d78       0x5c ..\obj\stm32f10x_rcc.o
                0x08000d78                RCC_DeInit
 .text.RCC_HSEConfig
                0x08000dd4       0x5c ..\obj\stm32f10x_rcc.o
                0x08000dd4                RCC_HSEConfig
 .text.RCC_WaitForHSEStartUp
                0x08000e30       0x50 ..\obj\stm32f10x_rcc.o
                0x08000e30                RCC_WaitForHSEStartUp
 .text.RCC_PLLConfig
                0x08000e80       0x3c ..\obj\stm32f10x_rcc.o
                0x08000e80                RCC_PLLConfig
 .text.RCC_PLLCmd
                0x08000ebc       0x20 ..\obj\stm32f10x_rcc.o
                0x08000ebc                RCC_PLLCmd
 .text.RCC_SYSCLKConfig
                0x08000edc       0x38 ..\obj\stm32f10x_rcc.o
                0x08000edc                RCC_SYSCLKConfig
 .text.RCC_GetSYSCLKSource
                0x08000f14       0x1c ..\obj\stm32f10x_rcc.o
                0x08000f14                RCC_GetSYSCLKSource
 .text.RCC_HCLKConfig
                0x08000f30       0x38 ..\obj\stm32f10x_rcc.o
                0x08000f30                RCC_HCLKConfig
 .text.RCC_PCLK1Config
                0x08000f68       0x38 ..\obj\stm32f10x_rcc.o
                0x08000f68                RCC_PCLK1Config
 .text.RCC_PCLK2Config
                0x08000fa0       0x38 ..\obj\stm32f10x_rcc.o
                0x08000fa0                RCC_PCLK2Config
 .text.RCC_ADCCLKConfig
                0x08000fd8       0x38 ..\obj\stm32f10x_rcc.o
                0x08000fd8                RCC_ADCCLKConfig
 .text.RCC_GetClocksFreq
                0x08001010      0x160 ..\obj\stm32f10x_rcc.o
                0x08001010                RCC_GetClocksFreq
 .text.RCC_APB2PeriphClockCmd
                0x08001170       0x3c ..\obj\stm32f10x_rcc.o
                0x08001170                RCC_APB2PeriphClockCmd
 .text.RCC_ClockSecuritySystemCmd
                0x080011ac       0x20 ..\obj\stm32f10x_rcc.o
                0x080011ac                RCC_ClockSecuritySystemCmd
 .text.RCC_GetFlagStatus
                0x080011cc       0x74 ..\obj\stm32f10x_rcc.o
                0x080011cc                RCC_GetFlagStatus
 .text.LCD_setRST
                0x08001240       0x28 ..\obj\display.o
                0x08001240                LCD_setRST
 .text.LCD_setCE
                0x08001268       0x28 ..\obj\display.o
                0x08001268                LCD_setCE
 .text.LCD_setDC
                0x08001290       0x28 ..\obj\display.o
                0x08001290                LCD_setDC
 .text.LCD_setDIN
                0x080012b8       0x28 ..\obj\display.o
                0x080012b8                LCD_setDIN
 .text.LCD_setCLK
                0x080012e0       0x28 ..\obj\display.o
                0x080012e0                LCD_setCLK
 .text.LCD_send
                0x08001308       0x70 ..\obj\display.o
                0x08001308                LCD_send
 .text.LCD_write
                0x08001378       0x94 ..\obj\display.o
                0x08001378                LCD_write
 .text.LCD_init
                0x0800140c       0x6c ..\obj\display.o
                0x0800140c                LCD_init
 .text.LCD_putChar
                0x08001478       0x84 ..\obj\display.o
                0x08001478                LCD_putChar
 .text.LCD_print
                0x080014fc       0x3c ..\obj\display.o
                0x080014fc                LCD_print
 .text.LCD_clrScr
                0x08001538       0x38 ..\obj\display.o
                0x08001538                LCD_clrScr
 .text.LCD_goXY
                0x08001570       0x38 ..\obj\display.o
                0x08001570                LCD_goXY
 .text.long_int_size
                0x080015a8       0x40 ..\obj\display.o
                0x080015a8                long_int_size
 .text.lcd_out_number
                0x080015e8       0xc0 ..\obj\display.o
                0x080015e8                lcd_out_number
 .text.start_data_send
                0x080016a8       0x64 ..\obj\one_wire.o
                0x080016a8                start_data_send
 .text.transend_data
                0x0800170c       0x7c ..\obj\one_wire.o
                0x0800170c                transend_data
 .text.onewire_port_init
                0x08001788       0x30 ..\obj\one_wire.o
                0x08001788                onewire_port_init
 *(.init)
 *(.fini)
 *crtbegin.o(.ctors)
 *crtbegin?.o(.ctors)
 *(EXCLUDE_FILE(*crtend.o *crtend?.o) .ctors)
 *(SORT(.ctors.*))
 *(.ctors)
 *crtbegin.o(.dtors)
 *crtbegin?.o(.dtors)
 *(EXCLUDE_FILE(*crtend.o *crtend?.o) .dtors)
 *(SORT(.dtors.*))
 *(.dtors)
 *(.rodata*)
 .rodata        0x080017b8      0x253 ..\obj\main.o
 *fill*         0x08001a0b        0x1 
 .rodata        0x08001a0c      0x240 ..\obj\display.o
 *(.eh_fram e*)

.glue_7         0x08001c4c        0x0
 .glue_7        0x08001c4c        0x0 linker stubs

.glue_7t        0x08001c4c        0x0
 .glue_7t       0x08001c4c        0x0 linker stubs

.vfp11_veneer   0x08001c4c        0x0
 .vfp11_veneer  0x08001c4c        0x0 linker stubs

.v4_bx          0x08001c4c        0x0
 .v4_bx         0x08001c4c        0x0 linker stubs

.iplt           0x08001c4c        0x0
 .iplt          0x08001c4c        0x0 ..\obj\delay.o

.rel.dyn        0x08001c4c        0x0
 .rel.iplt      0x08001c4c        0x0 ..\obj\delay.o

.ARM.extab
 *(.ARM.extab* .gnu.linkonce.armextab.*)
                0x08001c4c                __exidx_start = .

.ARM.exidx
 *(.ARM.exidx* .gnu.linkonce.armexidx.*)
                0x08001c4c                __exidx_end = .
                0x08001c4c                __etext = .
                0x08001c4c                _sidata = __etext

.data           0x20000000       0x14 load address 0x08001c4c
                0x20000000                __data_start__ = .
                0x20000000                _sdata = __data_start__
 *(vtable)
 *(.data*)
 .data          0x20000000       0x14 ..\obj\stm32f10x_rcc.o
                0x20000014                . = ALIGN (0x4)
                [!provide]                PROVIDE (__preinit_array_start, .)
 *(.preinit_array)
                [!provide]                PROVIDE (__preinit_array_end, .)
                0x20000014                . = ALIGN (0x4)
                [!provide]                PROVIDE (__init_array_start, .)
 *(SORT(.init_array.*))
 *(.init_array)
                [!provide]                PROVIDE (__init_array_end, .)
                0x20000014                . = ALIGN (0x4)
                [!provide]                PROVIDE (__fini_array_start, .)
 *(SORT(.fini_array.*))
 *(.fini_array)
                [!provide]                PROVIDE (__fini_array_end, .)
 *(.jcr*)
                0x20000014                . = ALIGN (0x4)
                0x20000014                __data_end__ = .
                0x20000014                _edata = __data_end__

.igot.plt       0x20000014        0x0 load address 0x08001c60
 .igot.plt      0x20000014        0x0 ..\obj\delay.o

.bss            0x20000014      0x298 load address 0x08001c60
                0x20000014                . = ALIGN (0x4)
                0x20000014                __bss_start__ = .
                0x20000014                _sbss = __bss_start__
 *(.bss*)
 .bss           0x20000014      0x244 ..\obj\bmp18c.o
                0x20000014                delay_value
                0x20000018                lcd
                0x20000214                lcd_gpio
                0x2000023c                bmp18c
 *(COMMON)
 COMMON         0x20000258       0x14 ..\obj\delay.o
                0x20000258                RCC_value
 COMMON         0x2000026c       0x3d ..\obj\main.o
                0x2000026c                send
                0x20000288                source_clk
                0x20000289                HSE_ON
                0x2000028c                dht11_data
                0x200002a8                PLL_ON
                0x200002ac                . = ALIGN (0x4)
 *fill*         0x200002a9        0x3 
                0x200002ac                __bss_end__ = .
                0x200002ac                _ebss = __bss_end__

.heap           0x200002ac        0x0
                0x200002ac                __end__ = .
                0x200002ac                _end = __end__
                0x200002ac                end = __end__
 *(.heap*)
                0x200002ac                __HeapLimit = .

.co_stack       0x200002ac      0x404 load address 0x08001ef8
                0x200002b0                . = ALIGN (0x8)
 *fill*         0x200002ac        0x4 
 *(.co_stack .co_stack.*)
 .co_stack      0x200002b0      0x400 ..\obj\startup_stm32f10x_md.o
                0x200002b0                pulStack
                0x20005000                __StackTop = (ORIGIN (ram) + LENGTH (ram))
                0x20004bfc                __StackLimit = (__StackTop - SIZEOF (.co_stack))
                [!provide]                PROVIDE (__stack, __StackTop)
                0x00000001                ASSERT ((__StackLimit >= __HeapLimit), region ram  overflowed with stack)
LOAD ..\obj\delay.o
LOAD ..\obj\pack_data.o
LOAD ..\obj\bmp18c.o
LOAD ..\obj\system_stm32f10x.o
LOAD ..\obj\startup_stm32f10x_md.o
LOAD ..\obj\stm32f10x_gpio.o
LOAD ..\obj\main.o
LOAD ..\obj\stm32f10x_rcc.o
LOAD ..\obj\display.o
LOAD ..\obj\misc.o
LOAD ..\obj\stm32f10x_i2c.o
LOAD ..\obj\one_wire.o
START GROUP
LOAD c:/program files/gnu tools arm embedded/5.3 2016q1/bin/../lib/gcc/arm-none-eabi/5.3.1/armv7-m\libgcc.a
LOAD c:/program files/gnu tools arm embedded/5.3 2016q1/bin/../lib/gcc/arm-none-eabi/5.3.1/../../../../arm-none-eabi/lib/armv7-m\libg.a
LOAD c:/program files/gnu tools arm embedded/5.3 2016q1/bin/../lib/gcc/arm-none-eabi/5.3.1/../../../../arm-none-eabi/lib/armv7-m\libc.a
END GROUP
OUTPUT(tool_box_stm32.elf elf32-littlearm)

.debug_info     0x00000000     0x5a6e
 .debug_info    0x00000000      0xb05 ..\obj\delay.o
 .debug_info    0x00000b05      0x662 ..\obj\pack_data.o
 .debug_info    0x00001167      0x823 ..\obj\bmp18c.o
 .debug_info    0x0000198a      0x90e ..\obj\system_stm32f10x.o
 .debug_info    0x00002298       0xee ..\obj\startup_stm32f10x_md.o
 .debug_info    0x00002386      0xaf6 ..\obj\stm32f10x_gpio.o
 .debug_info    0x00002e7c      0xc67 ..\obj\main.o
 .debug_info    0x00003ae3      0xd15 ..\obj\stm32f10x_rcc.o
 .debug_info    0x000047f8      0xbdc ..\obj\display.o
 .debug_info    0x000053d4      0x69a ..\obj\one_wire.o

.debug_abbrev   0x00000000     0x1277
 .debug_abbrev  0x00000000      0x229 ..\obj\delay.o
 .debug_abbrev  0x00000229      0x1af ..\obj\pack_data.o
 .debug_abbrev  0x000003d8      0x191 ..\obj\bmp18c.o
 .debug_abbrev  0x00000569      0x1d1 ..\obj\system_stm32f10x.o
 .debug_abbrev  0x0000073a       0xa7 ..\obj\startup_stm32f10x_md.o
 .debug_abbrev  0x000007e1      0x240 ..\obj\stm32f10x_gpio.o
 .debug_abbrev  0x00000a21      0x241 ..\obj\main.o
 .debug_abbrev  0x00000c62      0x229 ..\obj\stm32f10x_rcc.o
 .debug_abbrev  0x00000e8b      0x282 ..\obj\display.o
 .debug_abbrev  0x0000110d      0x16a ..\obj\one_wire.o

.debug_aranges  0x00000000      0x430
 .debug_aranges
                0x00000000       0x48 ..\obj\delay.o
 .debug_aranges
                0x00000048       0x40 ..\obj\pack_data.o
 .debug_aranges
                0x00000088       0x20 ..\obj\bmp18c.o
 .debug_aranges
                0x000000a8       0x38 ..\obj\system_stm32f10x.o
 .debug_aranges
                0x000000e0       0x28 ..\obj\startup_stm32f10x_md.o
 .debug_aranges
                0x00000108       0xa8 ..\obj\stm32f10x_gpio.o
 .debug_aranges
                0x000001b0       0x50 ..\obj\main.o
 .debug_aranges
                0x00000200      0x118 ..\obj\stm32f10x_rcc.o
 .debug_aranges
                0x00000318       0xd8 ..\obj\display.o
 .debug_aranges
                0x000003f0       0x40 ..\obj\one_wire.o

.debug_ranges   0x00000000      0x3a8
 .debug_ranges  0x00000000       0x38 ..\obj\delay.o
 .debug_ranges  0x00000038       0x30 ..\obj\pack_data.o
 .debug_ranges  0x00000068       0x10 ..\obj\bmp18c.o
 .debug_ranges  0x00000078       0x28 ..\obj\system_stm32f10x.o
 .debug_ranges  0x000000a0       0x18 ..\obj\startup_stm32f10x_md.o
 .debug_ranges  0x000000b8       0x98 ..\obj\stm32f10x_gpio.o
 .debug_ranges  0x00000150       0x40 ..\obj\main.o
 .debug_ranges  0x00000190      0x108 ..\obj\stm32f10x_rcc.o
 .debug_ranges  0x00000298       0xe0 ..\obj\display.o
 .debug_ranges  0x00000378       0x30 ..\obj\one_wire.o

.debug_line     0x00000000     0x2035
 .debug_line    0x00000000      0x288 ..\obj\delay.o
 .debug_line    0x00000288      0x500 ..\obj\pack_data.o
 .debug_line    0x00000788      0x21d ..\obj\bmp18c.o
 .debug_line    0x000009a5      0x26b ..\obj\system_stm32f10x.o
 .debug_line    0x00000c10       0x99 ..\obj\startup_stm32f10x_md.o
 .debug_line    0x00000ca9      0x3e1 ..\obj\stm32f10x_gpio.o
 .debug_line    0x0000108a      0x2d3 ..\obj\main.o
 .debug_line    0x0000135d      0x4dc ..\obj\stm32f10x_rcc.o
 .debug_line    0x00001839      0x55c ..\obj\display.o
 .debug_line    0x00001d95      0x2a0 ..\obj\one_wire.o

.debug_str      0x00000000     0x1545
 .debug_str     0x00000000      0x79f ..\obj\delay.o
                                0x811 (size before relaxing)
 .debug_str     0x0000079f       0x5b ..\obj\pack_data.o
                                0x3dd (size before relaxing)
 .debug_str     0x000007fa      0x2f0 ..\obj\bmp18c.o
                                0x689 (size before relaxing)
 .debug_str     0x00000aea      0x115 ..\obj\system_stm32f10x.o
                                0x4fd (size before relaxing)
 .debug_str     0x00000bff       0xa7 ..\obj\startup_stm32f10x_md.o
                                0x13e (size before relaxing)
 .debug_str     0x00000ca6      0x270 ..\obj\stm32f10x_gpio.o
                                0x710 (size before relaxing)
 .debug_str     0x00000f16       0x87 ..\obj\main.o
                                0x981 (size before relaxing)
 .debug_str     0x00000f9d      0x362 ..\obj\stm32f10x_rcc.o
                                0x828 (size before relaxing)
 .debug_str     0x000012ff      0x1a4 ..\obj\display.o
                                0x53f (size before relaxing)
 .debug_str     0x000014a3       0xa2 ..\obj\one_wire.o
                                0x413 (size before relaxing)

.comment        0x00000000       0x6e
 .comment       0x00000000       0x6e ..\obj\delay.o
                                 0x6f (size before relaxing)
 .comment       0x0000006e       0x6f ..\obj\pack_data.o
 .comment       0x0000006e       0x6f ..\obj\bmp18c.o
 .comment       0x0000006e       0x6f ..\obj\system_stm32f10x.o
 .comment       0x0000006e       0x6f ..\obj\startup_stm32f10x_md.o
 .comment       0x0000006e       0x6f ..\obj\stm32f10x_gpio.o
 .comment       0x0000006e       0x6f ..\obj\main.o
 .comment       0x0000006e       0x6f ..\obj\stm32f10x_rcc.o
 .comment       0x0000006e       0x6f ..\obj\display.o
 .comment       0x0000006e       0x6f ..\obj\one_wire.o

.ARM.attributes
                0x00000000       0x31
 .ARM.attributes
                0x00000000       0x33 ..\obj\delay.o
 .ARM.attributes
                0x00000033       0x33 ..\obj\pack_data.o
 .ARM.attributes
                0x00000066       0x33 ..\obj\bmp18c.o
 .ARM.attributes
                0x00000099       0x33 ..\obj\system_stm32f10x.o
 .ARM.attributes
                0x000000cc       0x33 ..\obj\startup_stm32f10x_md.o
 .ARM.attributes
                0x000000ff       0x33 ..\obj\stm32f10x_gpio.o
 .ARM.attributes
                0x00000132       0x33 ..\obj\main.o
 .ARM.attributes
                0x00000165       0x33 ..\obj\stm32f10x_rcc.o
 .ARM.attributes
                0x00000198       0x33 ..\obj\display.o
 .ARM.attributes
                0x000001cb       0x33 ..\obj\one_wire.o

.debug_frame    0x00000000      0xff0
 .debug_frame   0x00000000       0xec ..\obj\delay.o
 .debug_frame   0x000000ec       0xd4 ..\obj\pack_data.o
 .debug_frame   0x000001c0       0x34 ..\obj\bmp18c.o
 .debug_frame   0x000001f4       0x98 ..\obj\system_stm32f10x.o
 .debug_frame   0x0000028c       0x4c ..\obj\startup_stm32f10x_md.o
 .debug_frame   0x000002d8      0x2d0 ..\obj\stm32f10x_gpio.o
 .debug_frame   0x000005a8       0xf0 ..\obj\main.o
 .debug_frame   0x00000698      0x4f4 ..\obj\stm32f10x_rcc.o
 .debug_frame   0x00000b8c      0x3a0 ..\obj\display.o
 .debug_frame   0x00000f2c       0xc4 ..\obj\one_wire.o
