Archive member included to satisfy reference by file (symbol)

c:/program files/gnu tools arm embedded/5.3 2016q1/bin/../lib/gcc/arm-none-eabi/5.3.1/armv7-m\libgcc.a(_arm_addsubdf3.o)
                              ..\obj\display.o (__aeabi_dsub)
c:/program files/gnu tools arm embedded/5.3 2016q1/bin/../lib/gcc/arm-none-eabi/5.3.1/armv7-m\libgcc.a(_arm_muldivdf3.o)
                              ..\obj\display.o (__aeabi_ddiv)
c:/program files/gnu tools arm embedded/5.3 2016q1/bin/../lib/gcc/arm-none-eabi/5.3.1/armv7-m\libgcc.a(_arm_fixdfsi.o)
                              ..\obj\display.o (__aeabi_d2iz)
c:/program files/gnu tools arm embedded/5.3 2016q1/bin/../lib/gcc/arm-none-eabi/5.3.1/armv7-m\libgcc.a(_arm_addsubsf3.o)
                              ..\obj\display.o (__aeabi_i2f)
c:/program files/gnu tools arm embedded/5.3 2016q1/bin/../lib/gcc/arm-none-eabi/5.3.1/armv7-m\libgcc.a(_arm_muldivsf3.o)
                              ..\obj\display.o (__aeabi_fdiv)

Allocating common symbols
Common symbol       size              file

lcd_gpio            0x28              ..\obj\delay.o
lcd                 0x1f9             ..\obj\delay.o
send                0x1c              ..\obj\main.o
source_clk          0x1               ..\obj\main.o
HSE_ON              0x1               ..\obj\main.o
RCC_value           0x14              ..\obj\delay.o
delay_value         0x4               ..\obj\delay.o
dht11_data          0x1c              ..\obj\main.o
PLL_ON              0x1               ..\obj\main.o

Discarded input sections

 .text          0x00000000        0x0 ..\obj\delay.o
 .data          0x00000000        0x0 ..\obj\delay.o
 .bss           0x00000000        0x0 ..\obj\delay.o
 .rodata        0x00000000      0x240 ..\obj\delay.o
 .text.delay_ms
                0x00000000       0x68 ..\obj\delay.o
 .text          0x00000000        0x0 ..\obj\pack_data.o
 .data          0x00000000        0x0 ..\obj\pack_data.o
 .bss           0x00000000        0x0 ..\obj\pack_data.o
 .rodata        0x00000000      0x24a ..\obj\pack_data.o
 .text.pack_world
                0x00000000       0x80 ..\obj\pack_data.o
 .text.unpack_world
                0x00000000       0xd8 ..\obj\pack_data.o
 .text.calc_crc
                0x00000000       0x88 ..\obj\pack_data.o
 .text.push_bit
                0x00000000      0x478 ..\obj\pack_data.o
 .text.pop_bit  0x00000000      0x2e8 ..\obj\pack_data.o
 .debug_info    0x00000000      0x651 ..\obj\pack_data.o
 .debug_abbrev  0x00000000      0x195 ..\obj\pack_data.o
 .debug_aranges
                0x00000000       0x40 ..\obj\pack_data.o
 .debug_ranges  0x00000000       0x30 ..\obj\pack_data.o
 .debug_line    0x00000000      0x4ef ..\obj\pack_data.o
 .debug_str     0x00000000      0x3d6 ..\obj\pack_data.o
 .comment       0x00000000       0x6f ..\obj\pack_data.o
 .debug_frame   0x00000000       0xd8 ..\obj\pack_data.o
 .ARM.attributes
                0x00000000       0x33 ..\obj\pack_data.o
 .text          0x00000000        0x0 ..\obj\system_stm32f10x.o
 .data          0x00000000       0x14 ..\obj\system_stm32f10x.o
 .bss           0x00000000        0x0 ..\obj\system_stm32f10x.o
 .rodata        0x00000000      0x240 ..\obj\system_stm32f10x.o
 .text.SystemCoreClockUpdate
                0x00000000       0xd8 ..\obj\system_stm32f10x.o
 .text          0x00000000        0x0 ..\obj\startup_stm32f10x_md.o
 .data          0x00000000        0x0 ..\obj\startup_stm32f10x_md.o
 .bss           0x00000000        0x0 ..\obj\startup_stm32f10x_md.o
 .text          0x00000000        0x0 ..\obj\stm32f10x_gpio.o
 .data          0x00000000        0x0 ..\obj\stm32f10x_gpio.o
 .bss           0x00000000        0x0 ..\obj\stm32f10x_gpio.o
 .rodata        0x00000000      0x240 ..\obj\stm32f10x_gpio.o
 .text.GPIO_DeInit
                0x00000000       0xe4 ..\obj\stm32f10x_gpio.o
 .text.GPIO_AFIODeInit
                0x00000000       0x18 ..\obj\stm32f10x_gpio.o
 .text.GPIO_StructInit
                0x00000000       0x28 ..\obj\stm32f10x_gpio.o
 .text.GPIO_ReadInputDataBit
                0x00000000       0x34 ..\obj\stm32f10x_gpio.o
 .text.GPIO_ReadInputData
                0x00000000       0x18 ..\obj\stm32f10x_gpio.o
 .text.GPIO_ReadOutputDataBit
                0x00000000       0x34 ..\obj\stm32f10x_gpio.o
 .text.GPIO_ReadOutputData
                0x00000000       0x18 ..\obj\stm32f10x_gpio.o
 .text.GPIO_Write
                0x00000000       0x1c ..\obj\stm32f10x_gpio.o
 .text.GPIO_PinLockConfig
                0x00000000       0x44 ..\obj\stm32f10x_gpio.o
 .text.GPIO_EventOutputConfig
                0x00000000       0x4c ..\obj\stm32f10x_gpio.o
 .text.GPIO_EventOutputCmd
                0x00000000       0x20 ..\obj\stm32f10x_gpio.o
 .text.GPIO_PinRemapConfig
                0x00000000       0xe0 ..\obj\stm32f10x_gpio.o
 .text.GPIO_EXTILineConfig
                0x00000000       0x84 ..\obj\stm32f10x_gpio.o
 .text.GPIO_ETH_MediaInterfaceConfig
                0x00000000       0x1c ..\obj\stm32f10x_gpio.o
 .text          0x00000000        0x0 ..\obj\main.o
 .data          0x00000000        0x0 ..\obj\main.o
 .bss           0x00000000        0x0 ..\obj\main.o
 .text.dht11    0x00000000       0x2c ..\obj\main.o
 .text.send_onewire
                0x00000000       0x28 ..\obj\main.o
 .text          0x00000000        0x0 ..\obj\stm32f10x_rcc.o
 .bss           0x00000000        0x0 ..\obj\stm32f10x_rcc.o
 .rodata        0x00000000      0x240 ..\obj\stm32f10x_rcc.o
 .text.RCC_AdjustHSICalibrationValue
                0x00000000       0x3c ..\obj\stm32f10x_rcc.o
 .text.RCC_HSICmd
                0x00000000       0x20 ..\obj\stm32f10x_rcc.o
 .text.RCC_ITConfig
                0x00000000       0x4c ..\obj\stm32f10x_rcc.o
 .text.RCC_USBCLKConfig
                0x00000000       0x1c ..\obj\stm32f10x_rcc.o
 .text.RCC_LSEConfig
                0x00000000       0x40 ..\obj\stm32f10x_rcc.o
 .text.RCC_LSICmd
                0x00000000       0x20 ..\obj\stm32f10x_rcc.o
 .text.RCC_RTCCLKConfig
                0x00000000       0x24 ..\obj\stm32f10x_rcc.o
 .text.RCC_RTCCLKCmd
                0x00000000       0x20 ..\obj\stm32f10x_rcc.o
 .text.RCC_AHBPeriphClockCmd
                0x00000000       0x3c ..\obj\stm32f10x_rcc.o
 .text.RCC_APB1PeriphClockCmd
                0x00000000       0x3c ..\obj\stm32f10x_rcc.o
 .text.RCC_APB2PeriphResetCmd
                0x00000000       0x3c ..\obj\stm32f10x_rcc.o
 .text.RCC_APB1PeriphResetCmd
                0x00000000       0x3c ..\obj\stm32f10x_rcc.o
 .text.RCC_BackupResetCmd
                0x00000000       0x20 ..\obj\stm32f10x_rcc.o
 .text.RCC_MCOConfig
                0x00000000       0x20 ..\obj\stm32f10x_rcc.o
 .text.RCC_ClearFlag
                0x00000000       0x1c ..\obj\stm32f10x_rcc.o
 .text.RCC_GetITStatus
                0x00000000       0x34 ..\obj\stm32f10x_rcc.o
 .text.RCC_ClearITPendingBit
                0x00000000       0x20 ..\obj\stm32f10x_rcc.o
 .text          0x00000000        0x0 ..\obj\display.o
 .data          0x00000000        0x0 ..\obj\display.o
 .bss           0x00000000        0x0 ..\obj\display.o
 .text.LCD_invert
                0x00000000       0x2c ..\obj\display.o
 .text.LCD_invertText
                0x00000000       0x30 ..\obj\display.o
 .text.LCD_refreshScr
                0x00000000       0x58 ..\obj\display.o
 .text.LCD_refreshArea
                0x00000000       0x9c ..\obj\display.o
 .text.LCD_setPixel
                0x00000000       0xb4 ..\obj\display.o
 .text.LCD_drawHLine
                0x00000000       0x9c ..\obj\display.o
 .text.LCD_drawVLine
                0x00000000       0x58 ..\obj\display.o
 .text.abs      0x00000000       0x20 ..\obj\display.o
 .text.LCD_drawLine
                0x00000000      0x2c8 ..\obj\display.o
 .text.LCD_drawRectangle
                0x00000000       0x58 ..\obj\display.o
 .text          0x00000000        0x0 ..\obj\misc.o
 .data          0x00000000        0x0 ..\obj\misc.o
 .bss           0x00000000        0x0 ..\obj\misc.o
 .rodata        0x00000000      0x240 ..\obj\misc.o
 .text.NVIC_PriorityGroupConfig
                0x00000000       0x24 ..\obj\misc.o
 .text.NVIC_Init
                0x00000000       0xc4 ..\obj\misc.o
 .text.NVIC_SetVectorTable
                0x00000000       0x2c ..\obj\misc.o
 .text.NVIC_SystemLPConfig
                0x00000000       0x40 ..\obj\misc.o
 .text.SysTick_CLKSourceConfig
                0x00000000       0x38 ..\obj\misc.o
 .debug_info    0x00000000      0x719 ..\obj\misc.o
 .debug_abbrev  0x00000000      0x196 ..\obj\misc.o
 .debug_aranges
                0x00000000       0x40 ..\obj\misc.o
 .debug_ranges  0x00000000       0x30 ..\obj\misc.o
 .debug_line    0x00000000      0x239 ..\obj\misc.o
 .debug_str     0x00000000      0x484 ..\obj\misc.o
 .comment       0x00000000       0x6f ..\obj\misc.o
 .debug_frame   0x00000000       0xd8 ..\obj\misc.o
 .ARM.attributes
                0x00000000       0x33 ..\obj\misc.o
 .text          0x00000000        0x0 ..\obj\one_wire.o
 .data          0x00000000        0x0 ..\obj\one_wire.o
 .bss           0x00000000        0x0 ..\obj\one_wire.o
 .rodata        0x00000000      0x240 ..\obj\one_wire.o
 .text.start_data_read
                0x00000000       0x3c ..\obj\one_wire.o
 .text.received_data
                0x00000000       0xa8 ..\obj\one_wire.o
 .text.start_data_send
                0x00000000       0x64 ..\obj\one_wire.o
 .text.transend_data
                0x00000000       0x7c ..\obj\one_wire.o
 .text          0x00000000      0x370 c:/program files/gnu tools arm embedded/5.3 2016q1/bin/../lib/gcc/arm-none-eabi/5.3.1/armv7-m\libgcc.a(_arm_addsubdf3.o)
 .data          0x00000000        0x0 c:/program files/gnu tools arm embedded/5.3 2016q1/bin/../lib/gcc/arm-none-eabi/5.3.1/armv7-m\libgcc.a(_arm_addsubdf3.o)
 .bss           0x00000000        0x0 c:/program files/gnu tools arm embedded/5.3 2016q1/bin/../lib/gcc/arm-none-eabi/5.3.1/armv7-m\libgcc.a(_arm_addsubdf3.o)
 .ARM.attributes
                0x00000000       0x1d c:/program files/gnu tools arm embedded/5.3 2016q1/bin/../lib/gcc/arm-none-eabi/5.3.1/armv7-m\libgcc.a(_arm_addsubdf3.o)
 .text          0x00000000      0x424 c:/program files/gnu tools arm embedded/5.3 2016q1/bin/../lib/gcc/arm-none-eabi/5.3.1/armv7-m\libgcc.a(_arm_muldivdf3.o)
 .data          0x00000000        0x0 c:/program files/gnu tools arm embedded/5.3 2016q1/bin/../lib/gcc/arm-none-eabi/5.3.1/armv7-m\libgcc.a(_arm_muldivdf3.o)
 .bss           0x00000000        0x0 c:/program files/gnu tools arm embedded/5.3 2016q1/bin/../lib/gcc/arm-none-eabi/5.3.1/armv7-m\libgcc.a(_arm_muldivdf3.o)
 .ARM.attributes
                0x00000000       0x1d c:/program files/gnu tools arm embedded/5.3 2016q1/bin/../lib/gcc/arm-none-eabi/5.3.1/armv7-m\libgcc.a(_arm_muldivdf3.o)
 .text          0x00000000       0x50 c:/program files/gnu tools arm embedded/5.3 2016q1/bin/../lib/gcc/arm-none-eabi/5.3.1/armv7-m\libgcc.a(_arm_fixdfsi.o)
 .data          0x00000000        0x0 c:/program files/gnu tools arm embedded/5.3 2016q1/bin/../lib/gcc/arm-none-eabi/5.3.1/armv7-m\libgcc.a(_arm_fixdfsi.o)
 .bss           0x00000000        0x0 c:/program files/gnu tools arm embedded/5.3 2016q1/bin/../lib/gcc/arm-none-eabi/5.3.1/armv7-m\libgcc.a(_arm_fixdfsi.o)
 .ARM.attributes
                0x00000000       0x1d c:/program files/gnu tools arm embedded/5.3 2016q1/bin/../lib/gcc/arm-none-eabi/5.3.1/armv7-m\libgcc.a(_arm_fixdfsi.o)
 .text          0x00000000      0x21c c:/program files/gnu tools arm embedded/5.3 2016q1/bin/../lib/gcc/arm-none-eabi/5.3.1/armv7-m\libgcc.a(_arm_addsubsf3.o)
 .data          0x00000000        0x0 c:/program files/gnu tools arm embedded/5.3 2016q1/bin/../lib/gcc/arm-none-eabi/5.3.1/armv7-m\libgcc.a(_arm_addsubsf3.o)
 .bss           0x00000000        0x0 c:/program files/gnu tools arm embedded/5.3 2016q1/bin/../lib/gcc/arm-none-eabi/5.3.1/armv7-m\libgcc.a(_arm_addsubsf3.o)
 .ARM.attributes
                0x00000000       0x1d c:/program files/gnu tools arm embedded/5.3 2016q1/bin/../lib/gcc/arm-none-eabi/5.3.1/armv7-m\libgcc.a(_arm_addsubsf3.o)
 .text          0x00000000      0x2a0 c:/program files/gnu tools arm embedded/5.3 2016q1/bin/../lib/gcc/arm-none-eabi/5.3.1/armv7-m\libgcc.a(_arm_muldivsf3.o)
 .data          0x00000000        0x0 c:/program files/gnu tools arm embedded/5.3 2016q1/bin/../lib/gcc/arm-none-eabi/5.3.1/armv7-m\libgcc.a(_arm_muldivsf3.o)
 .bss           0x00000000        0x0 c:/program files/gnu tools arm embedded/5.3 2016q1/bin/../lib/gcc/arm-none-eabi/5.3.1/armv7-m\libgcc.a(_arm_muldivsf3.o)
 .ARM.attributes
                0x00000000       0x1d c:/program files/gnu tools arm embedded/5.3 2016q1/bin/../lib/gcc/arm-none-eabi/5.3.1/armv7-m\libgcc.a(_arm_muldivsf3.o)

Memory Configuration

Name             Origin             Length             Attributes
rom              0x08000000         0x00020000         xr
ram              0x20000000         0x00005000         xrw
*default*        0x00000000         0xffffffff

Linker script and memory map

                0x20005000                _eram = 0x20005000

.text           0x08000000     0x166c
 *(.isr_vector)
 .isr_vector    0x08000000      0x10c ..\obj\startup_stm32f10x_md.o
                0x08000000                g_pfnVectors
 *(.text*)
 .text.NVIC_SetPriority
                0x0800010c       0x54 ..\obj\delay.o
 .text.SysTick_Config
                0x08000160       0x44 ..\obj\delay.o
 .text.SysTick_Handler
                0x080001a4       0x1c ..\obj\delay.o
                0x080001a4                SysTick_Handler
 .text.delay_us
                0x080001c0       0x34 ..\obj\delay.o
                0x080001c0                delay_us
 .text.delay_sec
                0x080001f4       0x70 ..\obj\delay.o
                0x080001f4                delay_sec
 .text.SystemInit
                0x08000264       0x68 ..\obj\system_stm32f10x.o
                0x08000264                SystemInit
 .text.SetSysClock
                0x080002cc        0xc ..\obj\system_stm32f10x.o
 .text.SetSysClockTo72
                0x080002d8      0x100 ..\obj\system_stm32f10x.o
 .text.Default_Reset_Handler
                0x080003d8       0x60 ..\obj\startup_stm32f10x_md.o
                0x080003d8                Default_Reset_Handler
                0x080003d8                Reset_Handler
 .text.Default_Handler
                0x08000438        0x8 ..\obj\startup_stm32f10x_md.o
                0x08000438                EXTI2_IRQHandler
                0x08000438                DebugMon_Handler
                0x08000438                TIM1_CC_IRQHandler
                0x08000438                HardFault_Handler
                0x08000438                PVD_IRQHandler
                0x08000438                PendSV_Handler
                0x08000438                NMI_Handler
                0x08000438                EXTI3_IRQHandler
                0x08000438                EXTI0_IRQHandler
                0x08000438                I2C2_EV_IRQHandler
                0x08000438                UsageFault_Handler
                0x08000438                ADC1_2_IRQHandler
                0x08000438                SPI1_IRQHandler
                0x08000438                TAMPER_IRQHandler
                0x08000438                DMA1_Channel4_IRQHandler
                0x08000438                USART3_IRQHandler
                0x08000438                RTC_IRQHandler
                0x08000438                DMA1_Channel7_IRQHandler
                0x08000438                CAN1_RX1_IRQHandler
                0x08000438                TIM4_IRQHandler
                0x08000438                I2C1_EV_IRQHandler
                0x08000438                DMA1_Channel6_IRQHandler
                0x08000438                TIM3_IRQHandler
                0x08000438                RCC_IRQHandler
                0x08000438                TIM1_TRG_COM_IRQHandler
                0x08000438                DMA1_Channel1_IRQHandler
                0x08000438                EXTI15_10_IRQHandler
                0x08000438                EXTI9_5_IRQHandler
                0x08000438                SPI2_IRQHandler
                0x08000438                MemManage_Handler
                0x08000438                SVC_Handler
                0x08000438                DMA1_Channel5_IRQHandler
                0x08000438                EXTI4_IRQHandler
                0x08000438                USB_LP_CAN1_RX0_IRQHandler
                0x08000438                USB_HP_CAN1_TX_IRQHandler
                0x08000438                DMA1_Channel3_IRQHandler
                0x08000438                TIM1_UP_IRQHandler
                0x08000438                WWDG_IRQHandler
                0x08000438                TIM2_IRQHandler
                0x08000438                TIM1_BRK_IRQHandler
                0x08000438                EXTI1_IRQHandler
                0x08000438                RTCAlarm_IRQHandler
                0x08000438                USART2_IRQHandler
                0x08000438                I2C2_ER_IRQHandler
                0x08000438                DMA1_Channel2_IRQHandler
                0x08000438                CAN1_SCE_IRQHandler
                0x08000438                FLASH_IRQHandler
                0x08000438                BusFault_Handler
                0x08000438                USART1_IRQHandler
                0x08000438                I2C1_ER_IRQHandler
                0x08000438                USBWakeUp_IRQHandler
 .text.GPIO_Init
                0x08000440      0x178 ..\obj\stm32f10x_gpio.o
                0x08000440                GPIO_Init
 .text.GPIO_SetBits
                0x080005b8       0x1c ..\obj\stm32f10x_gpio.o
                0x080005b8                GPIO_SetBits
 .text.GPIO_ResetBits
                0x080005d4       0x1c ..\obj\stm32f10x_gpio.o
                0x080005d4                GPIO_ResetBits
 .text.GPIO_WriteBit
                0x080005f0       0x30 ..\obj\stm32f10x_gpio.o
                0x080005f0                GPIO_WriteBit
 .text.NVIC_SetPriority
                0x08000620       0x54 ..\obj\main.o
 .text.SysTick_Config
                0x08000674       0x44 ..\obj\main.o
 .text.main     0x080006b8       0x88 ..\obj\main.o
                0x080006b8                main
 .text.GPIO_Config
                0x08000740       0x7c ..\obj\main.o
                0x08000740                GPIO_Config
 .text.RCC_Config
                0x080007bc       0xbc ..\obj\main.o
                0x080007bc                RCC_Config
 .text.RCC_DeInit
                0x08000878       0x5c ..\obj\stm32f10x_rcc.o
                0x08000878                RCC_DeInit
 .text.RCC_HSEConfig
                0x080008d4       0x5c ..\obj\stm32f10x_rcc.o
                0x080008d4                RCC_HSEConfig
 .text.RCC_WaitForHSEStartUp
                0x08000930       0x50 ..\obj\stm32f10x_rcc.o
                0x08000930                RCC_WaitForHSEStartUp
 .text.RCC_PLLConfig
                0x08000980       0x3c ..\obj\stm32f10x_rcc.o
                0x08000980                RCC_PLLConfig
 .text.RCC_PLLCmd
                0x080009bc       0x20 ..\obj\stm32f10x_rcc.o
                0x080009bc                RCC_PLLCmd
 .text.RCC_SYSCLKConfig
                0x080009dc       0x38 ..\obj\stm32f10x_rcc.o
                0x080009dc                RCC_SYSCLKConfig
 .text.RCC_GetSYSCLKSource
                0x08000a14       0x1c ..\obj\stm32f10x_rcc.o
                0x08000a14                RCC_GetSYSCLKSource
 .text.RCC_HCLKConfig
                0x08000a30       0x38 ..\obj\stm32f10x_rcc.o
                0x08000a30                RCC_HCLKConfig
 .text.RCC_PCLK1Config
                0x08000a68       0x38 ..\obj\stm32f10x_rcc.o
                0x08000a68                RCC_PCLK1Config
 .text.RCC_PCLK2Config
                0x08000aa0       0x38 ..\obj\stm32f10x_rcc.o
                0x08000aa0                RCC_PCLK2Config
 .text.RCC_ADCCLKConfig
                0x08000ad8       0x38 ..\obj\stm32f10x_rcc.o
                0x08000ad8                RCC_ADCCLKConfig
 .text.RCC_GetClocksFreq
                0x08000b10      0x160 ..\obj\stm32f10x_rcc.o
                0x08000b10                RCC_GetClocksFreq
 .text.RCC_APB2PeriphClockCmd
                0x08000c70       0x3c ..\obj\stm32f10x_rcc.o
                0x08000c70                RCC_APB2PeriphClockCmd
 .text.RCC_ClockSecuritySystemCmd
                0x08000cac       0x20 ..\obj\stm32f10x_rcc.o
                0x08000cac                RCC_ClockSecuritySystemCmd
 .text.RCC_GetFlagStatus
                0x08000ccc       0x74 ..\obj\stm32f10x_rcc.o
                0x08000ccc                RCC_GetFlagStatus
 .text.LCD_setRST
                0x08000d40       0x28 ..\obj\display.o
                0x08000d40                LCD_setRST
 .text.LCD_setCE
                0x08000d68       0x28 ..\obj\display.o
                0x08000d68                LCD_setCE
 .text.LCD_setDC
                0x08000d90       0x28 ..\obj\display.o
                0x08000d90                LCD_setDC
 .text.LCD_setDIN
                0x08000db8       0x28 ..\obj\display.o
                0x08000db8                LCD_setDIN
 .text.LCD_setCLK
                0x08000de0       0x28 ..\obj\display.o
                0x08000de0                LCD_setCLK
 .text.LCD_send
                0x08000e08       0x70 ..\obj\display.o
                0x08000e08                LCD_send
 .text.LCD_write
                0x08000e78       0x94 ..\obj\display.o
                0x08000e78                LCD_write
 .text.LCD_init
                0x08000f0c       0x6c ..\obj\display.o
                0x08000f0c                LCD_init
 .text.LCD_putChar
                0x08000f78       0x84 ..\obj\display.o
                0x08000f78                LCD_putChar
 .text.LCD_print
                0x08000ffc       0x3c ..\obj\display.o
                0x08000ffc                LCD_print
 .text.LCD_clrScr
                0x08001038       0x38 ..\obj\display.o
                0x08001038                LCD_clrScr
 .text.LCD_goXY
                0x08001070       0x38 ..\obj\display.o
                0x08001070                LCD_goXY
 .text.long_int_size
                0x080010a8       0x40 ..\obj\display.o
                0x080010a8                long_int_size
 .text.lcd_out_number
                0x080010e8       0xc0 ..\obj\display.o
                0x080010e8                lcd_out_number
 .text.onewire_port_init
                0x080011a8       0x30 ..\obj\one_wire.o
                0x080011a8                onewire_port_init
 *(.init)
 *(.fini)
 *crtbegin.o(.ctors)
 *crtbegin?.o(.ctors)
 *(EXCLUDE_FILE(*crtend.o *crtend?.o) .ctors)
 *(SORT(.ctors.*))
 *(.ctors)
 *crtbegin.o(.dtors)
 *crtbegin?.o(.dtors)
 *(EXCLUDE_FILE(*crtend.o *crtend?.o) .dtors)
 *(SORT(.dtors.*))
 *(.dtors)
 *(.rodata*)
 .rodata        0x080011d8      0x253 ..\obj\main.o
 *fill*         0x0800142b        0x1 
 .rodata        0x0800142c      0x240 ..\obj\display.o
 *(.eh_fram e*)

.glue_7         0x0800166c        0x0
 .glue_7        0x0800166c        0x0 linker stubs

.glue_7t        0x0800166c        0x0
 .glue_7t       0x0800166c        0x0 linker stubs

.vfp11_veneer   0x0800166c        0x0
 .vfp11_veneer  0x0800166c        0x0 linker stubs

.v4_bx          0x0800166c        0x0
 .v4_bx         0x0800166c        0x0 linker stubs

.iplt           0x0800166c        0x0
 .iplt          0x0800166c        0x0 ..\obj\delay.o

.rel.dyn        0x0800166c        0x0
 .rel.iplt      0x0800166c        0x0 ..\obj\delay.o

.ARM.extab
 *(.ARM.extab* .gnu.linkonce.armextab.*)
                0x0800166c                __exidx_start = .

.ARM.exidx
 *(.ARM.exidx* .gnu.linkonce.armexidx.*)
                0x0800166c                __exidx_end = .
                0x0800166c                __etext = .
                0x0800166c                _sidata = __etext

.data           0x20000000       0x14 load address 0x0800166c
                0x20000000                __data_start__ = .
                0x20000000                _sdata = __data_start__
 *(vtable)
 *(.data*)
 .data          0x20000000       0x14 ..\obj\stm32f10x_rcc.o
                0x20000014                . = ALIGN (0x4)
                [!provide]                PROVIDE (__preinit_array_start, .)
 *(.preinit_array)
                [!provide]                PROVIDE (__preinit_array_end, .)
                0x20000014                . = ALIGN (0x4)
                [!provide]                PROVIDE (__init_array_start, .)
 *(SORT(.init_array.*))
 *(.init_array)
                [!provide]                PROVIDE (__init_array_end, .)
                0x20000014                . = ALIGN (0x4)
                [!provide]                PROVIDE (__fini_array_start, .)
 *(SORT(.fini_array.*))
 *(.fini_array)
                [!provide]                PROVIDE (__fini_array_end, .)
 *(.jcr*)
                0x20000014                . = ALIGN (0x4)
                0x20000014                __data_end__ = .
                0x20000014                _edata = __data_end__

.igot.plt       0x20000014        0x0 load address 0x08001680
 .igot.plt      0x20000014        0x0 ..\obj\delay.o

.bss            0x20000014      0x27c load address 0x08001680
                0x20000014                . = ALIGN (0x4)
                0x20000014                __bss_start__ = .
                0x20000014                _sbss = __bss_start__
 *(.bss*)
 *(COMMON)
 COMMON         0x20000014      0x23c ..\obj\delay.o
                0x20000014                lcd_gpio
                0x2000003c                lcd
                0x20000238                RCC_value
                0x2000024c                delay_value
 COMMON         0x20000250       0x3d ..\obj\main.o
                0x20000250                send
                0x2000026c                source_clk
                0x2000026d                HSE_ON
                0x20000270                dht11_data
                0x2000028c                PLL_ON
                0x20000290                . = ALIGN (0x4)
 *fill*         0x2000028d        0x3 
                0x20000290                __bss_end__ = .
                0x20000290                _ebss = __bss_end__

.heap           0x20000290        0x0
                0x20000290                __end__ = .
                0x20000290                _end = __end__
                0x20000290                end = __end__
 *(.heap*)
                0x20000290                __HeapLimit = .

.co_stack       0x20000290      0x400 load address 0x080018fc
                0x20000290                . = ALIGN (0x8)
 *(.co_stack .co_stack.*)
 .co_stack      0x20000290      0x400 ..\obj\startup_stm32f10x_md.o
                0x20000290                pulStack
                0x20005000                __StackTop = (ORIGIN (ram) + LENGTH (ram))
                0x20004c00                __StackLimit = (__StackTop - SIZEOF (.co_stack))
                [!provide]                PROVIDE (__stack, __StackTop)
                0x00000001                ASSERT ((__StackLimit >= __HeapLimit), region ram  overflowed with stack)
LOAD ..\obj\delay.o
LOAD ..\obj\pack_data.o
LOAD ..\obj\system_stm32f10x.o
LOAD ..\obj\startup_stm32f10x_md.o
LOAD ..\obj\stm32f10x_gpio.o
LOAD ..\obj\main.o
LOAD ..\obj\stm32f10x_rcc.o
LOAD ..\obj\display.o
LOAD ..\obj\misc.o
LOAD ..\obj\one_wire.o
START GROUP
LOAD c:/program files/gnu tools arm embedded/5.3 2016q1/bin/../lib/gcc/arm-none-eabi/5.3.1/armv7-m\libgcc.a
LOAD c:/program files/gnu tools arm embedded/5.3 2016q1/bin/../lib/gcc/arm-none-eabi/5.3.1/../../../../arm-none-eabi/lib/armv7-m\libg.a
LOAD c:/program files/gnu tools arm embedded/5.3 2016q1/bin/../lib/gcc/arm-none-eabi/5.3.1/../../../../arm-none-eabi/lib/armv7-m\libc.a
END GROUP
OUTPUT(tool_box_stm32.elf elf32-littlearm)

.debug_info     0x00000000     0x3dd5
 .debug_info    0x00000000      0x83b ..\obj\delay.o
 .debug_info    0x0000083b      0x644 ..\obj\system_stm32f10x.o
 .debug_info    0x00000e7f       0xee ..\obj\startup_stm32f10x_md.o
 .debug_info    0x00000f6d      0x82c ..\obj\stm32f10x_gpio.o
 .debug_info    0x00001799      0xc56 ..\obj\main.o
 .debug_info    0x000023ef      0xa4b ..\obj\stm32f10x_rcc.o
 .debug_info    0x00002e3a      0x912 ..\obj\display.o
 .debug_info    0x0000374c      0x689 ..\obj\one_wire.o

.debug_abbrev   0x00000000      0xece
 .debug_abbrev  0x00000000      0x214 ..\obj\delay.o
 .debug_abbrev  0x00000214      0x1bc ..\obj\system_stm32f10x.o
 .debug_abbrev  0x000003d0       0xa7 ..\obj\startup_stm32f10x_md.o
 .debug_abbrev  0x00000477      0x22b ..\obj\stm32f10x_gpio.o
 .debug_abbrev  0x000006a2      0x241 ..\obj\main.o
 .debug_abbrev  0x000008e3      0x214 ..\obj\stm32f10x_rcc.o
 .debug_abbrev  0x00000af7      0x26d ..\obj\display.o
 .debug_abbrev  0x00000d64      0x16a ..\obj\one_wire.o

.debug_aranges  0x00000000      0x3d0
 .debug_aranges
                0x00000000       0x48 ..\obj\delay.o
 .debug_aranges
                0x00000048       0x38 ..\obj\system_stm32f10x.o
 .debug_aranges
                0x00000080       0x28 ..\obj\startup_stm32f10x_md.o
 .debug_aranges
                0x000000a8       0xa8 ..\obj\stm32f10x_gpio.o
 .debug_aranges
                0x00000150       0x50 ..\obj\main.o
 .debug_aranges
                0x000001a0      0x118 ..\obj\stm32f10x_rcc.o
 .debug_aranges
                0x000002b8       0xd8 ..\obj\display.o
 .debug_aranges
                0x00000390       0x40 ..\obj\one_wire.o

.debug_ranges   0x00000000      0x368
 .debug_ranges  0x00000000       0x38 ..\obj\delay.o
 .debug_ranges  0x00000038       0x28 ..\obj\system_stm32f10x.o
 .debug_ranges  0x00000060       0x18 ..\obj\startup_stm32f10x_md.o
 .debug_ranges  0x00000078       0x98 ..\obj\stm32f10x_gpio.o
 .debug_ranges  0x00000110       0x40 ..\obj\main.o
 .debug_ranges  0x00000150      0x108 ..\obj\stm32f10x_rcc.o
 .debug_ranges  0x00000258       0xe0 ..\obj\display.o
 .debug_ranges  0x00000338       0x30 ..\obj\one_wire.o

.debug_line     0x00000000     0x1892
 .debug_line    0x00000000      0x26d ..\obj\delay.o
 .debug_line    0x0000026d      0x250 ..\obj\system_stm32f10x.o
 .debug_line    0x000004bd       0x99 ..\obj\startup_stm32f10x_md.o
 .debug_line    0x00000556      0x3c6 ..\obj\stm32f10x_gpio.o
 .debug_line    0x0000091c      0x2e3 ..\obj\main.o
 .debug_line    0x00000bff      0x4c1 ..\obj\stm32f10x_rcc.o
 .debug_line    0x000010c0      0x541 ..\obj\display.o
 .debug_line    0x00001601      0x291 ..\obj\one_wire.o

.debug_str      0x00000000     0x133f
 .debug_str     0x00000000      0x655 ..\obj\delay.o
                                0x6b5 (size before relaxing)
 .debug_str     0x00000655      0x115 ..\obj\system_stm32f10x.o
                                0x3a1 (size before relaxing)
 .debug_str     0x0000076a       0xa7 ..\obj\startup_stm32f10x_md.o
                                0x13e (size before relaxing)
 .debug_str     0x00000811      0x395 ..\obj\stm32f10x_gpio.o
                                0x5b4 (size before relaxing)
 .debug_str     0x00000ba6      0x1f1 ..\obj\main.o
                                0x97a (size before relaxing)
 .debug_str     0x00000d97      0x362 ..\obj\stm32f10x_rcc.o
                                0x6cc (size before relaxing)
 .debug_str     0x000010f9      0x1a4 ..\obj\display.o
                                0x3e8 (size before relaxing)
 .debug_str     0x0000129d       0xa2 ..\obj\one_wire.o
                                0x40c (size before relaxing)

.comment        0x00000000       0x6e
 .comment       0x00000000       0x6e ..\obj\delay.o
                                 0x6f (size before relaxing)
 .comment       0x0000006e       0x6f ..\obj\system_stm32f10x.o
 .comment       0x0000006e       0x6f ..\obj\startup_stm32f10x_md.o
 .comment       0x0000006e       0x6f ..\obj\stm32f10x_gpio.o
 .comment       0x0000006e       0x6f ..\obj\main.o
 .comment       0x0000006e       0x6f ..\obj\stm32f10x_rcc.o
 .comment       0x0000006e       0x6f ..\obj\display.o
 .comment       0x0000006e       0x6f ..\obj\one_wire.o

.ARM.attributes
                0x00000000       0x33
 .ARM.attributes
                0x00000000       0x33 ..\obj\delay.o
 .ARM.attributes
                0x00000033       0x33 ..\obj\system_stm32f10x.o
 .ARM.attributes
                0x00000066       0x33 ..\obj\startup_stm32f10x_md.o
 .ARM.attributes
                0x00000099       0x33 ..\obj\stm32f10x_gpio.o
 .ARM.attributes
                0x000000cc       0x33 ..\obj\main.o
 .ARM.attributes
                0x000000ff       0x33 ..\obj\stm32f10x_rcc.o
 .ARM.attributes
                0x00000132       0x33 ..\obj\display.o
 .ARM.attributes
                0x00000165       0x33 ..\obj\one_wire.o

.debug_frame    0x00000000      0xee8
 .debug_frame   0x00000000       0xec ..\obj\delay.o
 .debug_frame   0x000000ec       0x98 ..\obj\system_stm32f10x.o
 .debug_frame   0x00000184       0x4c ..\obj\startup_stm32f10x_md.o
 .debug_frame   0x000001d0      0x2d0 ..\obj\stm32f10x_gpio.o
 .debug_frame   0x000004a0       0xf0 ..\obj\main.o
 .debug_frame   0x00000590      0x4f4 ..\obj\stm32f10x_rcc.o
 .debug_frame   0x00000a84      0x3a0 ..\obj\display.o
 .debug_frame   0x00000e24       0xc4 ..\obj\one_wire.o
